###############################################################################
#
# IAR ELF Linker V8.40.2.214/W32 for ARM                  28/Jan/2021  11:59:56
# Copyright 2007-2019 IAR Systems AB.
#
#    Output file  =  D:\Kicads Schem\LED-Driver\prog\EWARM\prog\Exe\prog.out
#    Map file     =  D:\Kicads Schem\LED-Driver\prog\EWARM\prog\List\prog.map
#    Command line =
#        -f C:\Users\Sergey\AppData\Local\Temp\EWC9C8.tmp ("D:\Kicads
#        Schem\LED-Driver\prog\EWARM\prog\Obj\adc.o" "D:\Kicads
#        Schem\LED-Driver\prog\EWARM\prog\Obj\cmsis_os.o" "D:\Kicads
#        Schem\LED-Driver\prog\EWARM\prog\Obj\croutine.o" "D:\Kicads
#        Schem\LED-Driver\prog\EWARM\prog\Obj\dma.o" "D:\Kicads
#        Schem\LED-Driver\prog\EWARM\prog\Obj\event_groups.o" "D:\Kicads
#        Schem\LED-Driver\prog\EWARM\prog\Obj\flash_spi.o" "D:\Kicads
#        Schem\LED-Driver\prog\EWARM\prog\Obj\freertos.o" "D:\Kicads
#        Schem\LED-Driver\prog\EWARM\prog\Obj\gpio.o" "D:\Kicads
#        Schem\LED-Driver\prog\EWARM\prog\Obj\heap_4.o" "D:\Kicads
#        Schem\LED-Driver\prog\EWARM\prog\Obj\list.o" "D:\Kicads
#        Schem\LED-Driver\prog\EWARM\prog\Obj\main.o" "D:\Kicads
#        Schem\LED-Driver\prog\EWARM\prog\Obj\mb.o" "D:\Kicads
#        Schem\LED-Driver\prog\EWARM\prog\Obj\mbcrc.o" "D:\Kicads
#        Schem\LED-Driver\prog\EWARM\prog\Obj\mbfunccoils.o" "D:\Kicads
#        Schem\LED-Driver\prog\EWARM\prog\Obj\mbfuncdiag.o" "D:\Kicads
#        Schem\LED-Driver\prog\EWARM\prog\Obj\mbfuncdisc.o" "D:\Kicads
#        Schem\LED-Driver\prog\EWARM\prog\Obj\mbfuncholding.o" "D:\Kicads
#        Schem\LED-Driver\prog\EWARM\prog\Obj\mbfuncinput.o" "D:\Kicads
#        Schem\LED-Driver\prog\EWARM\prog\Obj\mbfuncother.o" "D:\Kicads
#        Schem\LED-Driver\prog\EWARM\prog\Obj\mbrtu.o" "D:\Kicads
#        Schem\LED-Driver\prog\EWARM\prog\Obj\mbutils.o" "D:\Kicads
#        Schem\LED-Driver\prog\EWARM\prog\Obj\port.o" "D:\Kicads
#        Schem\LED-Driver\prog\EWARM\prog\Obj\portasm.o" "D:\Kicads
#        Schem\LED-Driver\prog\EWARM\prog\Obj\portevent.o" "D:\Kicads
#        Schem\LED-Driver\prog\EWARM\prog\Obj\portserial.o" "D:\Kicads
#        Schem\LED-Driver\prog\EWARM\prog\Obj\porttimer.o" "D:\Kicads
#        Schem\LED-Driver\prog\EWARM\prog\Obj\queue.o" "D:\Kicads
#        Schem\LED-Driver\prog\EWARM\prog\Obj\spi.o" "D:\Kicads
#        Schem\LED-Driver\prog\EWARM\prog\Obj\startup_stm32f303xc.o" "D:\Kicads
#        Schem\LED-Driver\prog\EWARM\prog\Obj\stm32f3xx_hal.o" "D:\Kicads
#        Schem\LED-Driver\prog\EWARM\prog\Obj\stm32f3xx_hal_adc.o" "D:\Kicads
#        Schem\LED-Driver\prog\EWARM\prog\Obj\stm32f3xx_hal_adc_ex.o"
#        "D:\Kicads
#        Schem\LED-Driver\prog\EWARM\prog\Obj\stm32f3xx_hal_cortex.o"
#        "D:\Kicads Schem\LED-Driver\prog\EWARM\prog\Obj\stm32f3xx_hal_dma.o"
#        "D:\Kicads Schem\LED-Driver\prog\EWARM\prog\Obj\stm32f3xx_hal_exti.o"
#        "D:\Kicads Schem\LED-Driver\prog\EWARM\prog\Obj\stm32f3xx_hal_flash.o"
#        "D:\Kicads
#        Schem\LED-Driver\prog\EWARM\prog\Obj\stm32f3xx_hal_flash_ex.o"
#        "D:\Kicads Schem\LED-Driver\prog\EWARM\prog\Obj\stm32f3xx_hal_gpio.o"
#        "D:\Kicads Schem\LED-Driver\prog\EWARM\prog\Obj\stm32f3xx_hal_i2c.o"
#        "D:\Kicads
#        Schem\LED-Driver\prog\EWARM\prog\Obj\stm32f3xx_hal_i2c_ex.o"
#        "D:\Kicads Schem\LED-Driver\prog\EWARM\prog\Obj\stm32f3xx_hal_msp.o"
#        "D:\Kicads Schem\LED-Driver\prog\EWARM\prog\Obj\stm32f3xx_hal_pwr.o"
#        "D:\Kicads
#        Schem\LED-Driver\prog\EWARM\prog\Obj\stm32f3xx_hal_pwr_ex.o"
#        "D:\Kicads Schem\LED-Driver\prog\EWARM\prog\Obj\stm32f3xx_hal_rcc.o"
#        "D:\Kicads
#        Schem\LED-Driver\prog\EWARM\prog\Obj\stm32f3xx_hal_rcc_ex.o"
#        "D:\Kicads Schem\LED-Driver\prog\EWARM\prog\Obj\stm32f3xx_hal_spi.o"
#        "D:\Kicads
#        Schem\LED-Driver\prog\EWARM\prog\Obj\stm32f3xx_hal_spi_ex.o"
#        "D:\Kicads Schem\LED-Driver\prog\EWARM\prog\Obj\stm32f3xx_hal_tim.o"
#        "D:\Kicads
#        Schem\LED-Driver\prog\EWARM\prog\Obj\stm32f3xx_hal_tim_ex.o"
#        "D:\Kicads
#        Schem\LED-Driver\prog\EWARM\prog\Obj\stm32f3xx_hal_timebase_tim.o"
#        "D:\Kicads Schem\LED-Driver\prog\EWARM\prog\Obj\stm32f3xx_hal_uart.o"
#        "D:\Kicads
#        Schem\LED-Driver\prog\EWARM\prog\Obj\stm32f3xx_hal_uart_ex.o"
#        "D:\Kicads Schem\LED-Driver\prog\EWARM\prog\Obj\stm32f3xx_it.o"
#        "D:\Kicads Schem\LED-Driver\prog\EWARM\prog\Obj\stream_buffer.o"
#        "D:\Kicads Schem\LED-Driver\prog\EWARM\prog\Obj\system_stm32f3xx.o"
#        "D:\Kicads Schem\LED-Driver\prog\EWARM\prog\Obj\tasks.o" "D:\Kicads
#        Schem\LED-Driver\prog\EWARM\prog\Obj\tim.o" "D:\Kicads
#        Schem\LED-Driver\prog\EWARM\prog\Obj\timers.o" "D:\Kicads
#        Schem\LED-Driver\prog\EWARM\prog\Obj\usart.o" --redirect
#        _Printf=_PrintfFull --redirect _Scanf=_ScanfFull --no_out_extension -o
#        "D:\Kicads Schem\LED-Driver\prog\EWARM\prog\Exe\prog.out" --map
#        "D:\Kicads Schem\LED-Driver\prog\EWARM\prog\List\prog.map" --config
#        "D:\Kicads Schem\LED-Driver\prog\EWARM/stm32f303xc_flash.icf"
#        --semihosting --entry __iar_program_start --vfe --text_out locale)
#
###############################################################################

*******************************************************************************
*** RUNTIME MODEL ATTRIBUTES
***

CppFlavor        = *
__CPP_Exceptions = Disabled
__CPP_Language   = C++14
__SystemLibrary  = DLib
__dlib_version   = 6


*******************************************************************************
*** HEAP SELECTION
***

The basic heap was selected because no calls to memory allocation
functions were found in the application outside of system library
functions, and there are calls to deallocation functions in the
application.


*******************************************************************************
*** PLACEMENT SUMMARY
***

"A0":  place at address 0x800'0000 { ro section .intvec };
"P1":  place in [from 0x800'0000 to 0x803'ffff] { ro };
define block CSTACK with size = 2K, alignment = 8 { };
define block HEAP with size = 1K, alignment = 8 { };
"P2":  place in [from 0x2000'0000 to 0x2000'9fff] {
          rw, block CSTACK, block HEAP };
initialize by copy { rw };

  Section            Kind         Address    Size  Object
  -------            ----         -------    ----  ------
"A0":                                       0x188
  .intvec            ro code   0x800'0000   0x188  startup_stm32f303xc.o [1]
                             - 0x800'0188   0x188

"P1":                                      0x7dc5
  .text              ro code   0x800'0188   0xbe0  stm32f3xx_hal_adc_ex.o [1]
  .text              ro code   0x800'0d68   0x66c  adc.o [1]
  .text              ro code   0x800'13d4   0x2b0  stm32f3xx_hal_dma.o [1]
  .text              ro code   0x800'1684   0x7c4  freertos.o [1]
  .text              ro code   0x800'1e48     0x2  stm32f3xx_hal_adc.o [1]
  .text              ro code   0x800'1e4a     0x2  stm32f3xx_hal_adc.o [1]
  .text              ro code   0x800'1e4c     0xc  stm32f3xx_hal.o [1]
  .text              ro code   0x800'1e58    0x14  memset.o [4]
  .text              ro code   0x800'1e6c   0x1ba  main.o [1]
  .text              ro code   0x800'2026    0x3a  zero_init3.o [4]
  .text              ro code   0x800'2060   0x1e0  stm32f3xx_hal_gpio.o [1]
  .text              ro code   0x800'2240    0xa6  ABImemcpy.o [4]
  .rodata            const     0x800'22e6     0x1  flash_spi.o [1]
  .rodata            const     0x800'22e7     0x1  flash_spi.o [1]
  .text              ro code   0x800'22e8    0x94  cmsis_os.o [1]
  .text              ro code   0x800'237c   0x9d8  stm32f3xx_hal_spi.o [1]
  .text              ro code   0x800'2d54   0x200  mb.o [1]
  .text              ro code   0x800'2f54    0x66  ABImemset.o [4]
  .rodata            const     0x800'2fba     0x1  unwind_debug.o [5]
  .text              ro code   0x800'2fbc    0x24  stm32f3xx_hal.o [1]
  .text              ro code   0x800'2fe0   0x12c  gpio.o [1]
  .text              ro code   0x800'310c    0x60  dma.o [1]
  .text              ro code   0x800'316c   0xb44  tim.o [1]
  .text              ro code   0x800'3cb0   0x160  usart.o [1]
  .text              ro code   0x800'3e10   0x174  spi.o [1]
  .text              ro code   0x800'3f84   0x1d0  flash_spi.o [1]
  .text              ro code   0x800'4154   0x95c  stm32f3xx_hal_rcc.o [1]
  .text              ro code   0x800'4ab0   0x250  stm32f3xx_hal_rcc_ex.o [1]
  .text              ro code   0x800'4d00    0x18  stm32f3xx_hal.o [1]
  .text              ro code   0x800'4d18   0x770  tasks.o [1]
  .text              ro code   0x800'5488   0x2c4  mbrtu.o [1]
  .text              ro code   0x800'574c    0x3c  portevent.o [1]
  .text              ro code   0x800'5788    0xe8  stm32f3xx_hal_cortex.o [1]
  .text              ro code   0x800'5870    0x80  stm32f3xx_hal_timebase_tim.o [1]
  .text              ro code   0x800'58f0    0x40  stm32f3xx_hal_msp.o [1]
  .text              ro code   0x800'5930   0x84c  stm32f3xx_hal_tim.o [1]
  .text              ro code   0x800'617c   0x138  stm32f3xx_hal_tim_ex.o [1]
  .text              ro code   0x800'62b4    0x92  stm32f3xx_hal_uart_ex.o [1]
  .text              ro code   0x800'6348   0x8b8  stm32f3xx_hal_uart.o [1]
  .text              ro code   0x800'6c00   0x260  heap_4.o [1]
  .text              ro code   0x800'6e60    0x98  list.o [1]
  .text              ro code   0x800'6ef8   0x204  port.o [1]
  .text              ro code   0x800'70fc    0xf4  portserial.o [1]
  .text              ro code   0x800'71f0    0x80  porttimer.o [1]
  .text              ro code   0x800'7270    0x24  ABIassert.o [5]
  .text              ro code   0x800'7294    0x40  mbcrc.o [1]
  .text              ro code   0x800'72d4     0x2  stm32f3xx_hal_tim.o [1]
  .text              ro code   0x800'72d6     0x2  stm32f3xx_hal_tim.o [1]
  .text              ro code   0x800'72d8     0x2  stm32f3xx_hal_tim.o [1]
  .text              ro code   0x800'72da     0x2  stm32f3xx_hal_tim_ex.o [1]
  .text              ro code   0x800'72dc     0x2  stm32f3xx_hal_tim_ex.o [1]
  .text              ro code   0x800'72de     0x2  stm32f3xx_hal_tim.o [1]
  .text              ro code   0x800'72e0     0x2  stm32f3xx_hal_tim_ex.o [1]
  .text              ro code   0x800'72e2     0x2  stm32f3xx_hal_uart.o [1]
  .text              ro code   0x800'72e4     0x2  stm32f3xx_hal_uart.o [1]
  .text              ro code   0x800'72e6     0x2  stm32f3xx_hal_uart.o [1]
  CODE               ro code   0x800'72e8    0xb0  portasm.o [1]
  .text              ro code   0x800'7398     0x6  abort.o [2]
  .text              ro code   0x800'73a0    0x14  exit.o [5]
  .text              ro code   0x800'73b4   0x21c  mbfuncholding.o [1]
  .text              ro code   0x800'75d0    0x22  mbutils.o [1]
  .text              ro code   0x800'75f2   0x198  mbfunccoils.o [1]
  .rodata            const     0x800'778c   0x100  mbcrc.o [1]
  .rodata            const     0x800'788c   0x100  mbcrc.o [1]
  .text              ro code   0x800'798c    0x9c  mbfuncdisc.o [1]
  .text              ro code   0x800'7a28    0x86  mbfuncinput.o [1]
  .rodata            const     0x800'7ab0    0x64  mbrtu.o [1]
  .text              ro code   0x800'7b14    0x54  stm32f3xx_it.o [1]
  .rodata            const     0x800'7b68    0x4c  mbrtu.o [1]
  .text              ro code   0x800'7bb4    0x38  packbits_init_single.o [4]
  .text              ro code   0x800'7bec    0x28  data_init.o [4]
  .text              ro code   0x800'7c14    0x24  mbfuncother.o [1]
  .text              ro code   0x800'7c38    0x22  fpinit_M.o [3]
  .iar.init_table    const     0x800'7c5c    0x20  - Linker created -
  .text              ro code   0x800'7c7c    0x1e  cmain.o [4]
  .text              ro code   0x800'7c9a     0x4  low_level_init.o [2]
  .text              ro code   0x800'7c9e     0x4  exit.o [2]
  .text              ro code   0x800'7ca4     0xa  cexit.o [4]
  .rodata            const     0x800'7cb0    0x1c  freertos.o [1]
  .rodata            const     0x800'7ccc    0x1c  freertos.o [1]
  .rodata            const     0x800'7ce8    0x1c  mbrtu.o [1]
  .rodata            const     0x800'7d04    0x1c  mbrtu.o [1]
  .text              ro code   0x800'7d20    0x1c  system_stm32f3xx.o [1]
  .rodata            const     0x800'7d3c    0x18  mbrtu.o [1]
  .rodata            const     0x800'7d54    0x10  stm32f3xx_hal_rcc.o [1]
  .rodata            const     0x800'7d64    0x10  stm32f3xx_hal_rcc.o [1]
  .rodata            const     0x800'7d74    0x10  system_stm32f3xx.o [1]
  .text              ro code   0x800'7d84    0x10  startup_stm32f303xc.o [1]
  .rodata            const     0x800'7d94     0xc  freertos.o [1]
  .rodata            const     0x800'7da0     0xc  freertos.o [1]
  .text              ro code   0x800'7dac     0xc  cstartup_M.o [4]
  .rodata            const     0x800'7db8     0x8  main.o [1]
  .rodata            const     0x800'7dc0     0x8  main.o [1]
  .rodata            const     0x800'7dc8     0x8  main.o [1]
  .rodata            const     0x800'7dd0     0x8  system_stm32f3xx.o [1]
  .rodata            const     0x800'7dd8     0x8  tasks.o [1]
  .rodata            const     0x800'7de0     0x4  flash_spi.o [1]
  .rodata            const     0x800'7de4     0x4  flash_spi.o [1]
  .rodata            const     0x800'7de8     0x4  flash_spi.o [1]
  .rodata            const     0x800'7dec     0x4  flash_spi.o [1]
  .rodata            const     0x800'7df0     0x4  heap_4.o [1]
  .text              ro code   0x800'7df4     0x4  startup_stm32f303xc.o [1]
  .text              ro code   0x800'7df8     0x4  startup_stm32f303xc.o [1]
  .text              ro code   0x800'7dfc     0x4  startup_stm32f303xc.o [1]
  .text              ro code   0x800'7e00     0x4  startup_stm32f303xc.o [1]
  .text              ro code   0x800'7e04     0x4  startup_stm32f303xc.o [1]
  .text              ro code   0x800'7e08     0x4  startup_stm32f303xc.o [1]
  .text              ro code   0x800'7e0c     0x4  startup_stm32f303xc.o [1]
  .text              ro code   0x800'7e10     0x4  startup_stm32f303xc.o [1]
  .text              ro code   0x800'7e14     0x4  startup_stm32f303xc.o [1]
  .text              ro code   0x800'7e18     0x4  startup_stm32f303xc.o [1]
  .text              ro code   0x800'7e1c     0x4  startup_stm32f303xc.o [1]
  .text              ro code   0x800'7e20     0x4  startup_stm32f303xc.o [1]
  .text              ro code   0x800'7e24     0x4  startup_stm32f303xc.o [1]
  .text              ro code   0x800'7e28     0x4  startup_stm32f303xc.o [1]
  .text              ro code   0x800'7e2c     0x4  startup_stm32f303xc.o [1]
  .text              ro code   0x800'7e30     0x4  startup_stm32f303xc.o [1]
  .text              ro code   0x800'7e34     0x4  startup_stm32f303xc.o [1]
  .text              ro code   0x800'7e38     0x4  startup_stm32f303xc.o [1]
  .text              ro code   0x800'7e3c     0x4  startup_stm32f303xc.o [1]
  .text              ro code   0x800'7e40     0x4  startup_stm32f303xc.o [1]
  .text              ro code   0x800'7e44     0x4  startup_stm32f303xc.o [1]
  .text              ro code   0x800'7e48     0x4  startup_stm32f303xc.o [1]
  .text              ro code   0x800'7e4c     0x4  startup_stm32f303xc.o [1]
  .text              ro code   0x800'7e50     0x4  startup_stm32f303xc.o [1]
  .text              ro code   0x800'7e54     0x4  startup_stm32f303xc.o [1]
  .text              ro code   0x800'7e58     0x4  startup_stm32f303xc.o [1]
  .text              ro code   0x800'7e5c     0x4  startup_stm32f303xc.o [1]
  .text              ro code   0x800'7e60     0x4  startup_stm32f303xc.o [1]
  .text              ro code   0x800'7e64     0x4  startup_stm32f303xc.o [1]
  .text              ro code   0x800'7e68     0x4  startup_stm32f303xc.o [1]
  .text              ro code   0x800'7e6c     0x4  startup_stm32f303xc.o [1]
  .text              ro code   0x800'7e70     0x4  startup_stm32f303xc.o [1]
  .text              ro code   0x800'7e74     0x4  startup_stm32f303xc.o [1]
  .text              ro code   0x800'7e78     0x4  startup_stm32f303xc.o [1]
  .text              ro code   0x800'7e7c     0x4  startup_stm32f303xc.o [1]
  .text              ro code   0x800'7e80     0x4  startup_stm32f303xc.o [1]
  .text              ro code   0x800'7e84     0x4  startup_stm32f303xc.o [1]
  .text              ro code   0x800'7e88     0x4  startup_stm32f303xc.o [1]
  .text              ro code   0x800'7e8c     0x4  startup_stm32f303xc.o [1]
  .text              ro code   0x800'7e90     0x4  startup_stm32f303xc.o [1]
  .text              ro code   0x800'7e94     0x4  startup_stm32f303xc.o [1]
  .text              ro code   0x800'7e98     0x4  startup_stm32f303xc.o [1]
  .text              ro code   0x800'7e9c     0x4  startup_stm32f303xc.o [1]
  .text              ro code   0x800'7ea0     0x4  startup_stm32f303xc.o [1]
  .text              ro code   0x800'7ea4     0x4  startup_stm32f303xc.o [1]
  .text              ro code   0x800'7ea8     0x4  startup_stm32f303xc.o [1]
  .text              ro code   0x800'7eac     0x4  startup_stm32f303xc.o [1]
  .text              ro code   0x800'7eb0     0x4  startup_stm32f303xc.o [1]
  .text              ro code   0x800'7eb4     0x4  startup_stm32f303xc.o [1]
  .text              ro code   0x800'7eb8     0x4  startup_stm32f303xc.o [1]
  .text              ro code   0x800'7ebc     0x4  startup_stm32f303xc.o [1]
  .text              ro code   0x800'7ec0     0x4  startup_stm32f303xc.o [1]
  .text              ro code   0x800'7ec4     0x4  startup_stm32f303xc.o [1]
  .text              ro code   0x800'7ec8     0x4  startup_stm32f303xc.o [1]
  .text              ro code   0x800'7ecc     0x4  startup_stm32f303xc.o [1]
  .text              ro code   0x800'7ed0     0x4  startup_stm32f303xc.o [1]
  .text              ro code   0x800'7ed4     0x4  startup_stm32f303xc.o [1]
  .text              ro code   0x800'7ed8     0x4  startup_stm32f303xc.o [1]
  .text              ro code   0x800'7edc     0x4  startup_stm32f303xc.o [1]
  .text              ro code   0x800'7ee0     0x4  startup_stm32f303xc.o [1]
  .text              ro code   0x800'7ee4     0x4  startup_stm32f303xc.o [1]
  .rodata            const     0x800'7ee8     0x0  zero_init3.o [4]
  .rodata            const     0x800'7ee8     0x0  packbits_init_single.o [4]
  Initializer bytes  const     0x800'7ee8    0x65  <for P2-1>
                             - 0x800'7f4d  0x7dc5

"P2", part 1 of 3:                           0x96
  P2-1                        0x2000'0000    0x96  <Init block>
    .data            inited   0x2000'0000     0x4  freertos.o [1]
    .data            inited   0x2000'0004    0x80  mb.o [1]
    .data            inited   0x2000'0084     0x4  port.o [1]
    .data            inited   0x2000'0088     0x4  portserial.o [1]
    .data            inited   0x2000'008c     0x4  stm32f3xx_hal.o [1]
    .data            inited   0x2000'0090     0x4  system_stm32f3xx.o [1]
    .data            inited   0x2000'0094     0x1  mb.o [1]
    .data            inited   0x2000'0095     0x1  stm32f3xx_hal.o [1]
                            - 0x2000'0096    0x96

"P2", part 2 of 3:                         0x5d60
  .bss               zero     0x2000'0098  0x5000  heap_4.o [1]
  .bss               zero     0x2000'5098   0x200  freertos.o [1]
  .bss               zero     0x2000'5298   0x198  main.o [1]
  .bss               zero     0x2000'5430   0x100  mbrtu.o [1]
  .bss               zero     0x2000'5530    0x8c  tasks.o [1]
  .bss               zero     0x2000'55bc    0x84  usart.o [1]
  .bss               zero     0x2000'5640    0x84  usart.o [1]
  .bss               zero     0x2000'56c4    0x64  spi.o [1]
  .bss               zero     0x2000'5728    0x64  spi.o [1]
  .bss               zero     0x2000'578c    0x54  freertos.o [1]
  .bss               zero     0x2000'57e0    0x50  adc.o [1]
  .bss               zero     0x2000'5830    0x50  adc.o [1]
  .bss               zero     0x2000'5880    0x50  adc.o [1]
  .bss               zero     0x2000'58d0    0x4c  stm32f3xx_hal_timebase_tim.o [1]
  .bss               zero     0x2000'591c    0x4c  tim.o [1]
  .bss               zero     0x2000'5968    0x4c  tim.o [1]
  .bss               zero     0x2000'59b4    0x4c  tim.o [1]
  .bss               zero     0x2000'5a00    0x4c  tim.o [1]
  .bss               zero     0x2000'5a4c    0x4c  tim.o [1]
  .bss               zero     0x2000'5a98    0x4c  tim.o [1]
  .bss               zero     0x2000'5ae4    0x4c  tim.o [1]
  .bss               zero     0x2000'5b30    0x4c  tim.o [1]
  .bss               zero     0x2000'5b7c    0x4c  tim.o [1]
  .bss               zero     0x2000'5bc8    0x44  adc.o [1]
  .bss               zero     0x2000'5c0c    0x44  adc.o [1]
  .bss               zero     0x2000'5c50    0x44  adc.o [1]
  .bss               zero     0x2000'5c94    0x20  mbfuncother.o [1]
  .bss               zero     0x2000'5cb4    0x1c  freertos.o [1]
  .bss               zero     0x2000'5cd0    0x14  freertos.o [1]
  .bss               zero     0x2000'5ce4    0x14  tasks.o [1]
  .bss               zero     0x2000'5cf8    0x14  tasks.o [1]
  .bss               zero     0x2000'5d0c    0x14  tasks.o [1]
  .bss               zero     0x2000'5d20    0x14  tasks.o [1]
  .bss               zero     0x2000'5d34    0x14  tasks.o [1]
  .bss               zero     0x2000'5d48     0x8  heap_4.o [1]
  .bss               zero     0x2000'5d50     0x4  adc.o [1]
  .bss               zero     0x2000'5d54     0x4  freertos.o [1]
  .bss               zero     0x2000'5d58     0x4  freertos.o [1]
  .bss               zero     0x2000'5d5c     0x4  freertos.o [1]
  .bss               zero     0x2000'5d60     0x4  heap_4.o [1]
  .bss               zero     0x2000'5d64     0x4  heap_4.o [1]
  .bss               zero     0x2000'5d68     0x4  heap_4.o [1]
  .bss               zero     0x2000'5d6c     0x4  heap_4.o [1]
  .bss               zero     0x2000'5d70     0x4  main.o [1]
  .bss               zero     0x2000'5d74     0x4  mb.o [1]
  .bss               zero     0x2000'5d78     0x4  mb.o [1]
  .bss               zero     0x2000'5d7c     0x4  mb.o [1]
  .bss               zero     0x2000'5d80     0x4  mb.o [1]
  .bss               zero     0x2000'5d84     0x4  mb.o [1]
  .bss               zero     0x2000'5d88     0x4  mb.o [1]
  .bss               zero     0x2000'5d8c     0x4  mb.o [1]
  .bss               zero     0x2000'5d90     0x4  mb.o [1]
  .bss               zero     0x2000'5d94     0x4  mb.o [1]
  .bss               zero     0x2000'5d98     0x4  mbrtu.o [1]
  .bss               zero     0x2000'5d9c     0x4  port.o [1]
  .bss               zero     0x2000'5da0     0x4  stm32f3xx_hal.o [1]
  .bss               zero     0x2000'5da4     0x4  tasks.o [1]
  .bss               zero     0x2000'5da8     0x4  tasks.o [1]
  .bss               zero     0x2000'5dac     0x4  tasks.o [1]
  .bss               zero     0x2000'5db0     0x4  tasks.o [1]
  .bss               zero     0x2000'5db4     0x4  tasks.o [1]
  .bss               zero     0x2000'5db8     0x4  tasks.o [1]
  .bss               zero     0x2000'5dbc     0x4  tasks.o [1]
  .bss               zero     0x2000'5dc0     0x4  tasks.o [1]
  .bss               zero     0x2000'5dc4     0x4  tasks.o [1]
  .bss               zero     0x2000'5dc8     0x4  tasks.o [1]
  .bss               zero     0x2000'5dcc     0x4  tasks.o [1]
  .bss               zero     0x2000'5dd0     0x4  tasks.o [1]
  .bss               zero     0x2000'5dd4     0x4  tasks.o [1]
  .bss               zero     0x2000'5dd8     0x4  tasks.o [1]
  .bss               zero     0x2000'5ddc     0x4  tasks.o [1]
  .bss               zero     0x2000'5de0     0x2  mb.o [1]
  .bss               zero     0x2000'5de2     0x2  mbfuncother.o [1]
  .bss               zero     0x2000'5de4     0x2  mbrtu.o [1]
  .bss               zero     0x2000'5de6     0x2  mbrtu.o [1]
  .bss               zero     0x2000'5de8     0x2  porttimer.o [1]
  .bss               zero     0x2000'5dea     0x2  porttimer.o [1]
  .bss               zero     0x2000'5dec     0x1  main.o [1]
  .bss               zero     0x2000'5ded     0x1  mb.o [1]
  .bss               zero     0x2000'5dee     0x1  mb.o [1]
  .bss               zero     0x2000'5def     0x1  mb.o [1]
  .bss               zero     0x2000'5df0     0x1  mb.o [1]
  .bss               zero     0x2000'5df1     0x1  mb.o [1]
  .bss               zero     0x2000'5df2     0x1  mbrtu.o [1]
  .bss               zero     0x2000'5df3     0x1  mbrtu.o [1]
  .bss               zero     0x2000'5df4     0x1  port.o [1]
  .bss               zero     0x2000'5df5     0x1  portevent.o [1]
  .bss               zero     0x2000'5df6     0x1  portevent.o [1]
                            - 0x2000'5df7  0x5d5f

"P2", part 3 of 3:                          0x800
  CSTACK                      0x2000'5df8   0x800  <Block>
    CSTACK           uninit   0x2000'5df8   0x800  <Block tail>
                            - 0x2000'65f8   0x800

Unused ranges:

         From           To      Size
         ----           --      ----
   0x800'7f4d   0x803'ffff  0x3'80b3
  0x2000'0096  0x2000'0097       0x2
  0x2000'65f8  0x2000'9fff    0x3a08


*******************************************************************************
*** INIT TABLE
***

          Address      Size
          -------      ----
Zero (__iar_zero_init3)
    1 destination range, total size 0x5d5f:
          0x2000'0098  0x5d5f

Copy/packbits (__iar_packbits_init_single3)
    1 source range, total size 0x65 (67% of destination):
           0x800'7ee8    0x65
    1 destination range, total size 0x96:
          0x2000'0000    0x96



*******************************************************************************
*** MODULE SUMMARY
***

    Module                        ro code  ro data  rw data
    ------                        -------  -------  -------
command line/config:
    -------------------------------------------------------
    Total:

D:\Kicads Schem\LED-Driver\prog\EWARM\prog\Obj: [1]
    adc.o                           1'644               448
    cmsis_os.o                        148
    dma.o                              96
    flash_spi.o                       464       18
    freertos.o                      1'988       82      660
    gpio.o                            300
    heap_4.o                          608        4   20'504
    list.o                            152
    main.o                            442       24      413
    mb.o                              512       87      172
    mbcrc.o                            64      512
    mbfunccoils.o                     408
    mbfuncdisc.o                      156
    mbfuncholding.o                   540
    mbfuncinput.o                     134
    mbfuncother.o                      36                34
    mbrtu.o                           708      256      266
    mbutils.o                          34
    port.o                            516        3        9
    portasm.o                         176
    portevent.o                        60                 2
    portserial.o                      244        3        4
    porttimer.o                       128                 4
    spi.o                             372               200
    startup_stm32f303xc.o             652
    stm32f3xx_hal.o                    72        3        9
    stm32f3xx_hal_adc.o                 4
    stm32f3xx_hal_adc_ex.o          3'040
    stm32f3xx_hal_cortex.o            232
    stm32f3xx_hal_dma.o               688
    stm32f3xx_hal_gpio.o              480
    stm32f3xx_hal_msp.o                64
    stm32f3xx_hal_rcc.o             2'396       32
    stm32f3xx_hal_rcc_ex.o            592
    stm32f3xx_hal_spi.o             2'520
    stm32f3xx_hal_tim.o             2'132
    stm32f3xx_hal_tim_ex.o            318
    stm32f3xx_hal_timebase_tim.o      128                76
    stm32f3xx_hal_uart.o            2'238
    stm32f3xx_hal_uart_ex.o           146
    stm32f3xx_it.o                     84
    system_stm32f3xx.o                 28       27        4
    tasks.o                         1'904        8      300
    tim.o                           2'884               684
    usart.o                           352               264
    -------------------------------------------------------
    Total:                         30'884    1'059   24'053

dl7M_tlf.a: [2]
    abort.o                             6
    exit.o                              4
    low_level_init.o                    4
    -------------------------------------------------------
    Total:                             14

m7M_tls.a: [3]
    fpinit_M.o                         34
    -------------------------------------------------------
    Total:                             34

rt7M_tl.a: [4]
    ABImemcpy.o                       166
    ABImemset.o                       102
    cexit.o                            10
    cmain.o                            30
    cstartup_M.o                       12
    data_init.o                        40
    memset.o                           20
    packbits_init_single.o             56
    zero_init3.o                       58
    -------------------------------------------------------
    Total:                            494

shb_l.a: [5]
    ABIassert.o                        36
    exit.o                             20
    unwind_debug.o                               1
    -------------------------------------------------------
    Total:                             56        1

    Gaps                                7        8
    Linker created                              32    2'048
-----------------------------------------------------------
    Grand Total:                   31'489    1'100   26'101


*******************************************************************************
*** ENTRY LIST
***

Entry                       Address    Size  Type      Object
-----                       -------    ----  ----      ------
.iar.init_table$$Base    0x800'7c5c           --   Gb  - Linker created -
.iar.init_table$$Limit   0x800'7c7c           --   Gb  - Linker created -
?main                    0x800'7c7d          Code  Gb  cmain.o [4]
ADC_DMAConvCplt          0x800'0be1    0x4a  Code  Lc  stm32f3xx_hal_adc_ex.o [1]
ADC_DMAError             0x800'0c35    0x1a  Code  Lc  stm32f3xx_hal_adc_ex.o [1]
ADC_DMAHalfConvCplt      0x800'0c2b     0xa  Code  Lc  stm32f3xx_hal_adc_ex.o [1]
ADC_Disable              0x800'0ccd    0x84  Code  Lc  stm32f3xx_hal_adc_ex.o [1]
ADC_Enable               0x800'0c4f    0x7e  Code  Lc  stm32f3xx_hal_adc_ex.o [1]
AHBPrescTable            0x800'7d74    0x10  Data  Gb  system_stm32f3xx.o [1]
APBPrescTable            0x800'7dd0     0x8  Data  Gb  system_stm32f3xx.o [1]
BusFault_Handler         0x800'7b1b     0x2  Code  Gb  stm32f3xx_it.o [1]
CH11_CH12               0x2000'5d54     0x4  Data  Gb  freertos.o [1]
CH13_CH25               0x2000'5cb4    0x1c  Data  Gb  freertos.o [1]
CH1_CH10                0x2000'5cd0    0x14  Data  Gb  freertos.o [1]
CSTACK$$Base            0x2000'5df8           --   Gb  - Linker created -
CSTACK$$Limit           0x2000'65f8           --   Gb  - Linker created -
DMA1_Channel1_IRQHandler
                         0x800'7b21     0xa  Code  Gb  stm32f3xx_it.o [1]
DMA2_Channel1_IRQHandler
                         0x800'7b3f     0xa  Code  Gb  stm32f3xx_it.o [1]
DMA2_Channel2_IRQHandler
                         0x800'7b49     0xa  Code  Gb  stm32f3xx_it.o [1]
DMA_CalcBaseAndBitshift
                         0x800'163b    0x34  Code  Lc  stm32f3xx_hal_dma.o [1]
DMA_SetConfig            0x800'160f    0x2c  Code  Lc  stm32f3xx_hal_dma.o [1]
DebugMon_Handler         0x800'7b1f     0x2  Code  Gb  stm32f3xx_it.o [1]
Error_Handler            0x800'2025     0x2  Code  Gb  main.o [1]
FlashP                  0x2000'5d70     0x4  Data  Gb  main.o [1]
HAL_ADCEx_MultiModeConfigChannel
                         0x800'0a6d   0x166  Code  Gb  stm32f3xx_hal_adc_ex.o [1]
HAL_ADC_ConfigChannel    0x800'0631   0x42e  Code  Gb  stm32f3xx_hal_adc_ex.o [1]
HAL_ADC_ConvCpltCallback
                         0x800'1797     0x2  Code  Gb  freertos.o [1]
HAL_ADC_ConvHalfCpltCallback
                         0x800'1e49     0x2  Code  Wk  stm32f3xx_hal_adc.o [1]
HAL_ADC_ErrorCallback    0x800'1e4b     0x2  Code  Wk  stm32f3xx_hal_adc.o [1]
HAL_ADC_Init             0x800'0189   0x2d0  Code  Gb  stm32f3xx_hal_adc_ex.o [1]
HAL_ADC_MspInit          0x800'1141   0x24c  Code  Gb  adc.o [1]
HAL_ADC_Start_DMA        0x800'0475   0x18a  Code  Gb  stm32f3xx_hal_adc_ex.o [1]
HAL_DMA_Abort            0x800'14af    0x48  Code  Gb  stm32f3xx_hal_dma.o [1]
HAL_DMA_Abort_IT         0x800'14f7    0x52  Code  Gb  stm32f3xx_hal_dma.o [1]
HAL_DMA_IRQHandler       0x800'1549    0xc6  Code  Gb  stm32f3xx_hal_dma.o [1]
HAL_DMA_Init             0x800'13d5    0x56  Code  Gb  stm32f3xx_hal_dma.o [1]
HAL_DMA_Start_IT         0x800'142b    0x84  Code  Gb  stm32f3xx_hal_dma.o [1]
HAL_GPIO_Init            0x800'2061   0x1a6  Code  Gb  stm32f3xx_hal_gpio.o [1]
HAL_GPIO_WritePin        0x800'2207    0x12  Code  Gb  stm32f3xx_hal_gpio.o [1]
HAL_GetTick              0x800'1e4d     0xc  Code  Wk  stm32f3xx_hal.o [1]
HAL_IncTick              0x800'4d01    0x18  Code  Wk  stm32f3xx_hal.o [1]
HAL_Init                 0x800'2fbd    0x20  Code  Gb  stm32f3xx_hal.o [1]
HAL_InitTick             0x800'5871    0x70  Code  Gb  stm32f3xx_hal_timebase_tim.o [1]
HAL_MspInit              0x800'58f1    0x40  Code  Gb  stm32f3xx_hal_msp.o [1]
HAL_NVIC_EnableIRQ       0x800'5853     0xa  Code  Gb  stm32f3xx_hal_cortex.o [1]
HAL_NVIC_SetPriority     0x800'5831    0x22  Code  Gb  stm32f3xx_hal_cortex.o [1]
HAL_NVIC_SetPriorityGrouping
                         0x800'5829     0x8  Code  Gb  stm32f3xx_hal_cortex.o [1]
HAL_RCCEx_PeriphCLKConfig
                         0x800'4ab1   0x230  Code  Gb  stm32f3xx_hal_rcc_ex.o [1]
HAL_RCC_ADC12_CLK_ENABLED
                        0x2000'5d50     0x4  Data  Lc  adc.o [1]
HAL_RCC_ClockConfig      0x800'47c9   0x1bc  Code  Gb  stm32f3xx_hal_rcc.o [1]
HAL_RCC_GetClockConfig   0x800'4a33    0x34  Code  Gb  stm32f3xx_hal_rcc.o [1]
HAL_RCC_GetHCLKFreq      0x800'49ed     0x6  Code  Gb  stm32f3xx_hal_rcc.o [1]
HAL_RCC_GetPCLK1Freq     0x800'49f3    0x20  Code  Gb  stm32f3xx_hal_rcc.o [1]
HAL_RCC_GetPCLK2Freq     0x800'4a13    0x20  Code  Gb  stm32f3xx_hal_rcc.o [1]
HAL_RCC_GetSysClockFreq
                         0x800'4985    0x68  Code  Gb  stm32f3xx_hal_rcc.o [1]
HAL_RCC_OscConfig        0x800'4155   0x674  Code  Gb  stm32f3xx_hal_rcc.o [1]
HAL_RS485Ex_Init         0x800'62b5    0x90  Code  Gb  stm32f3xx_hal_uart_ex.o [1]
HAL_SPI_Init             0x800'237d   0x104  Code  Gb  stm32f3xx_hal_spi.o [1]
HAL_SPI_MspInit          0x800'3eb1    0xb0  Code  Gb  spi.o [1]
HAL_SPI_Receive          0x800'2669   0x1a2  Code  Gb  stm32f3xx_hal_spi.o [1]
HAL_SPI_Transmit         0x800'2481   0x1e8  Code  Gb  stm32f3xx_hal_spi.o [1]
HAL_SPI_TransmitReceive
                         0x800'280b   0x2b2  Code  Gb  stm32f3xx_hal_spi.o [1]
HAL_TIMEx_Break2Callback
                         0x800'72dd     0x2  Code  Wk  stm32f3xx_hal_tim_ex.o [1]
HAL_TIMEx_BreakCallback
                         0x800'72db     0x2  Code  Wk  stm32f3xx_hal_tim_ex.o [1]
HAL_TIMEx_CommutCallback
                         0x800'72e1     0x2  Code  Wk  stm32f3xx_hal_tim_ex.o [1]
HAL_TIMEx_ConfigBreakDeadTime
                         0x800'620f    0x92  Code  Gb  stm32f3xx_hal_tim_ex.o [1]
HAL_TIMEx_MasterConfigSynchronization
                         0x800'617d    0x92  Code  Gb  stm32f3xx_hal_tim_ex.o [1]
HAL_TIM_Base_Init        0x800'5931    0x7a  Code  Gb  stm32f3xx_hal_tim.o [1]
HAL_TIM_Base_MspInit     0x800'3961    0x6a  Code  Gb  tim.o [1]
HAL_TIM_Base_Start_IT    0x800'59ab    0x8a  Code  Gb  stm32f3xx_hal_tim.o [1]
HAL_TIM_Base_Stop_IT     0x800'5a35    0x3a  Code  Gb  stm32f3xx_hal_tim.o [1]
HAL_TIM_IRQHandler       0x800'5b03   0x194  Code  Gb  stm32f3xx_hal_tim.o [1]
HAL_TIM_MspPostInit      0x800'39cb   0x282  Code  Gb  tim.o [1]
HAL_TIM_PWM_ConfigChannel
                         0x800'5c97   0x156  Code  Gb  stm32f3xx_hal_tim.o [1]
HAL_TIM_PWM_Init         0x800'5a89    0x7a  Code  Gb  stm32f3xx_hal_tim.o [1]
HAL_TIM_PWM_MspInit      0x800'3893    0xce  Code  Gb  tim.o [1]
HAL_TIM_PeriodElapsedCallback
                         0x800'1ff5    0x10  Code  Gb  main.o [1]
HAL_UARTEx_WakeupCallback
                         0x800'6345     0x2  Code  Wk  stm32f3xx_hal_uart_ex.o [1]
HAL_UART_IRQHandler      0x800'6493   0x294  Code  Gb  stm32f3xx_hal_uart.o [1]
HAL_UART_Init            0x800'6349    0x7a  Code  Gb  stm32f3xx_hal_uart.o [1]
HAL_UART_MspInit         0x800'3d2f    0xc2  Code  Gb  usart.o [1]
HAL_UART_Transmit        0x800'63c3    0xd0  Code  Gb  stm32f3xx_hal_uart.o [1]
HardFault_Handler        0x800'7b17     0x2  Code  Gb  stm32f3xx_it.o [1]
MX_ADC1_Init             0x800'0d69   0x182  Code  Gb  adc.o [1]
MX_ADC2_Init             0x800'0eeb    0xa4  Code  Gb  adc.o [1]
MX_ADC4_Init             0x800'0f8f   0x1b2  Code  Gb  adc.o [1]
MX_DMA_Init              0x800'310d    0x60  Code  Gb  dma.o [1]
MX_FREERTOS_Init()       0x800'1697    0x3c  Code  Gb  freertos.o [1]
MX_GPIO_Init             0x800'2fe1   0x12c  Code  Gb  gpio.o [1]
MX_SPI1_Init             0x800'3e11    0x50  Code  Gb  spi.o [1]
MX_SPI3_Init             0x800'3e61    0x50  Code  Gb  spi.o [1]
MX_TIM15_Init            0x800'362d    0xe6  Code  Gb  tim.o [1]
MX_TIM16_Init            0x800'3713    0xc0  Code  Gb  tim.o [1]
MX_TIM17_Init            0x800'37d3    0xc0  Code  Gb  tim.o [1]
MX_TIM1_Init             0x800'316d   0x11c  Code  Gb  tim.o [1]
MX_TIM2_Init             0x800'3289    0xbe  Code  Gb  tim.o [1]
MX_TIM3_Init             0x800'3347    0xbe  Code  Gb  tim.o [1]
MX_TIM4_Init             0x800'3405    0xbe  Code  Gb  tim.o [1]
MX_TIM6_Init             0x800'34c3    0x4e  Code  Gb  tim.o [1]
MX_TIM8_Init             0x800'3511   0x11c  Code  Gb  tim.o [1]
MX_USART1_UART_Init      0x800'3cb1    0x42  Code  Gb  usart.o [1]
MX_USART2_UART_Init      0x800'3cf3    0x3c  Code  Gb  usart.o [1]
MainTaskHandle          0x2000'5d58     0x4  Data  Gb  freertos.o [1]
MemManage_Handler        0x800'7b19     0x2  Code  Gb  stm32f3xx_it.o [1]
ModBusTask(void const *)
                         0x800'1775    0x22  Code  Gb  freertos.o [1]
ModBus_TaskHandle       0x2000'5d5c     0x4  Data  Gb  freertos.o [1]
NMI_Handler              0x800'7b15     0x2  Code  Gb  stm32f3xx_it.o [1]
NVIC_EncodePriority      0x800'57ed    0x3c  Code  Lc  stm32f3xx_hal_cortex.o [1]
PendSV_Handler           0x800'72e9          Code  Gb  portasm.o [1]
Region$$Table$$Base      0x800'7c5c           --   Gb  - Linker created -
Region$$Table$$Limit     0x800'7c7c           --   Gb  - Linker created -
SPI_EndRxTransaction     0x800'2c65    0x86  Code  Lc  stm32f3xx_hal_spi.o [1]
SPI_EndRxTxTransaction   0x800'2ceb    0x6a  Code  Lc  stm32f3xx_hal_spi.o [1]
SPI_WaitFifoStateUntilTimeout
                         0x800'2b8d    0xd2  Code  Lc  stm32f3xx_hal_spi.o [1]
SPI_WaitFlagStateUntilTimeout
                         0x800'2abd    0xd0  Code  Lc  stm32f3xx_hal_spi.o [1]
SVC_Handler              0x800'7341          Code  Gb  portasm.o [1]
StartDefaultTask(void const *)
                         0x800'16d3    0xa2  Code  Gb  freertos.o [1]
SysTick_Handler          0x800'7079    0x28  Code  Gb  port.o [1]
SystemClock_Config()     0x800'1f53    0xa2  Code  Gb  main.o [1]
SystemCoreClock         0x2000'0090     0x4  Data  Gb  system_stm32f3xx.o [1]
SystemInit               0x800'7d21    0x14  Code  Gb  system_stm32f3xx.o [1]
TIM7_IRQHandler          0x800'7b35     0xa  Code  Gb  stm32f3xx_it.o [1]
TIM_Base_SetConfig       0x800'5ded    0xb6  Code  Gb  stm32f3xx_hal_tim.o [1]
TIM_OC1_SetConfig        0x800'5ea3    0x9c  Code  Lc  stm32f3xx_hal_tim.o [1]
TIM_OC2_SetConfig        0x800'5f3f    0x88  Code  Gb  stm32f3xx_hal_tim.o [1]
TIM_OC3_SetConfig        0x800'5fc7    0x7e  Code  Lc  stm32f3xx_hal_tim.o [1]
TIM_OC4_SetConfig        0x800'6047    0x5e  Code  Lc  stm32f3xx_hal_tim.o [1]
TIM_OC5_SetConfig        0x800'60a5    0x58  Code  Lc  stm32f3xx_hal_tim.o [1]
TIM_OC6_SetConfig        0x800'60fd    0x5a  Code  Lc  stm32f3xx_hal_tim.o [1]
UART_AdvFeatureConfig    0x800'6999    0xda  Code  Gb  stm32f3xx_hal_uart.o [1]
UART_CheckIdleState      0x800'6a73    0x6e  Code  Gb  stm32f3xx_hal_uart.o [1]
UART_DMAAbortOnError     0x800'6bcd    0x16  Code  Lc  stm32f3xx_hal_uart.o [1]
UART_EndRxTransfer       0x800'6b93    0x38  Code  Lc  stm32f3xx_hal_uart.o [1]
UART_EndTransmit_IT      0x800'6be3    0x1c  Code  Lc  stm32f3xx_hal_uart.o [1]
UART_SetConfig           0x800'6727   0x24c  Code  Gb  stm32f3xx_hal_uart.o [1]
UART_WaitOnFlagUntilTimeout
                         0x800'6ae1    0xb2  Code  Gb  stm32f3xx_hal_uart.o [1]
USART1_IRQHandler        0x800'7b2b     0xa  Code  Gb  stm32f3xx_it.o [1]
UsageFault_Handler       0x800'7b1d     0x2  Code  Gb  stm32f3xx_it.o [1]
__NVIC_EnableIRQ         0x800'57ad    0x1c  Code  Lc  stm32f3xx_hal_cortex.o [1]
__NVIC_GetPriorityGrouping
                         0x800'57a3     0xa  Code  Lc  stm32f3xx_hal_cortex.o [1]
__NVIC_SetPriority       0x800'57c9    0x24  Code  Lc  stm32f3xx_hal_cortex.o [1]
__NVIC_SetPriorityGrouping
                         0x800'5789    0x1a  Code  Lc  stm32f3xx_hal_cortex.o [1]
__aeabi_assert           0x800'7271    0x24  Code  Gb  ABIassert.o [5]
__aeabi_memcpy           0x800'2241          Code  Gb  ABImemcpy.o [4]
__aeabi_memcpy4          0x800'2261          Code  Gb  ABImemcpy.o [4]
__aeabi_memcpy8          0x800'2261          Code  Gb  ABImemcpy.o [4]
__aeabi_memset           0x800'2f55          Code  Gb  ABImemset.o [4]
__cmain                  0x800'7c7d          Code  Gb  cmain.o [4]
__exit                   0x800'73a1    0x14  Code  Gb  exit.o [5]
__iar_Memset             0x800'2f55          Code  Gb  ABImemset.o [4]
__iar_Memset_word        0x800'2f5d          Code  Gb  ABImemset.o [4]
__iar_data_init3         0x800'7bed    0x28  Code  Gb  data_init.o [4]
__iar_debug_exceptions   0x800'2fba     0x1  Data  Gb  unwind_debug.o [5]
__iar_init_vfp           0x800'7c39          Code  Gb  fpinit_M.o [3]
__iar_packbits_init_single3
                         0x800'7bb5    0x38  Code  Gb  packbits_init_single.o [4]
__iar_program_start      0x800'7dad          Code  Gb  cstartup_M.o [4]
__iar_zero_init3         0x800'2027    0x3a  Code  Gb  zero_init3.o [4]
__low_level_init         0x800'7c9b     0x4  Code  Gb  low_level_init.o [2]
__vector_table           0x800'0000          Data  Gb  startup_stm32f303xc.o [1]
_call_main               0x800'7c89          Code  Gb  cmain.o [4]
_exit                    0x800'7ca5          Code  Gb  cexit.o [4]
_main                    0x800'7c97          Code  Gb  cmain.o [4]
aPLLMULFactorTable       0x800'7d54    0x10  Data  Gb  stm32f3xx_hal_rcc.o [1]
aPredivFactorTable       0x800'7d64    0x10  Data  Gb  stm32f3xx_hal_rcc.o [1]
abort                    0x800'7399     0x6  Code  Gb  abort.o [2]
aucCRCHi                 0x800'778c   0x100  Data  Lc  mbcrc.o [1]
aucCRCLo                 0x800'788c   0x100  Data  Lc  mbcrc.o [1]
data_for_hc595          0x2000'0000     0x4  Data  Gb  freertos.o [1]
downcounter             0x2000'5dea     0x2  Data  Gb  porttimer.o [1]
eMBCurrentMode          0x2000'5dee     0x1  Data  Lc  mb.o [1]
eMBEnable                0x800'2def    0x20  Code  Gb  mb.o [1]
eMBFuncReadCoils         0x800'75f3    0x9e  Code  Gb  mbfunccoils.o [1]
eMBFuncReadDiscreteInputs
                         0x800'798d    0x9c  Code  Gb  mbfuncdisc.o [1]
eMBFuncReadHoldingRegister
                         0x800'745f    0x86  Code  Gb  mbfuncholding.o [1]
eMBFuncReadInputRegister
                         0x800'7a29    0x86  Code  Gb  mbfuncinput.o [1]
eMBFuncReadWriteMultipleHoldingRegister
                         0x800'74e5    0xec  Code  Gb  mbfuncholding.o [1]
eMBFuncReportSlaveID     0x800'7c15    0x1c  Code  Gb  mbfuncother.o [1]
eMBFuncWriteCoil         0x800'7691    0x6c  Code  Gb  mbfunccoils.o [1]
eMBFuncWriteHoldingRegister
                         0x800'73b5    0x3a  Code  Gb  mbfuncholding.o [1]
eMBFuncWriteMultipleCoils
                         0x800'76fd    0x8e  Code  Gb  mbfunccoils.o [1]
eMBFuncWriteMultipleHoldingRegister
                         0x800'73ef    0x70  Code  Gb  mbfuncholding.o [1]
eMBInit                  0x800'2d55    0x9a  Code  Gb  mb.o [1]
eMBPoll                  0x800'2e0f    0xe4  Code  Gb  mb.o [1]
eMBPoll::eException     0x2000'5df1     0x1  Data  Lc  mb.o [1]
eMBPoll::ucFunctionCode
                        0x2000'5df0     0x1  Data  Lc  mb.o [1]
eMBPoll::ucMBFrame      0x2000'5d94     0x4  Data  Lc  mb.o [1]
eMBPoll::ucRcvAddress   0x2000'5def     0x1  Data  Lc  mb.o [1]
eMBPoll::usLength       0x2000'5de0     0x2  Data  Lc  mb.o [1]
eMBRTUInit               0x800'5489    0x46  Code  Gb  mbrtu.o [1]
eMBRTUReceive            0x800'54fd    0x6a  Code  Gb  mbrtu.o [1]
eMBRTUSend               0x800'5567    0x60  Code  Gb  mbrtu.o [1]
eMBRTUStart              0x800'54cf    0x1a  Code  Gb  mbrtu.o [1]
eMBRTUStop               0x800'54e9    0x14  Code  Gb  mbrtu.o [1]
eMBRegCoilsCB            0x800'1e41     0x4  Code  Gb  freertos.o [1]
eMBRegDiscreteCB         0x800'1e45     0x4  Code  Gb  freertos.o [1]
eMBRegHoldingCB          0x800'179f   0x65e  Code  Gb  freertos.o [1]
eMBRegInputCB            0x800'1799     0x6  Code  Gb  freertos.o [1]
eMBState                0x2000'0094     0x1  Data  Lc  mb.o [1]
eQueuedEvent            0x2000'5df5     0x1  Data  Lc  portevent.o [1]
eRcvState               0x2000'5df3     0x1  Data  Lc  mbrtu.o [1]
eSndState               0x2000'5df2     0x1  Data  Lc  mbrtu.o [1]
exit                     0x800'7c9f     0x4  Code  Gb  exit.o [2]
flash::Init(__SPI_HandleTypeDef *, unsigned int, pins_spi_t, pins_spi_t, pins_spi_t)
                         0x800'3f85    0xaa  Code  Gb  flash_spi.o [1]
flash::Read(settings_t *)
                         0x800'402f    0x40  Code  Gb  flash_spi.o [1]
flash::Write(settings_t)
                         0x800'406f    0xb0  Code  Gb  flash_spi.o [1]
flash::flash()           0x800'411f    0x1e  Code  Gb  flash_spi.o [1]
hadc1                   0x2000'57e0    0x50  Data  Gb  adc.o [1]
hadc2                   0x2000'5830    0x50  Data  Gb  adc.o [1]
hadc4                   0x2000'5880    0x50  Data  Gb  adc.o [1]
hdma_adc1               0x2000'5bc8    0x44  Data  Gb  adc.o [1]
hdma_adc2               0x2000'5c0c    0x44  Data  Gb  adc.o [1]
hdma_adc4               0x2000'5c50    0x44  Data  Gb  adc.o [1]
hspi1                   0x2000'56c4    0x64  Data  Gb  spi.o [1]
hspi3                   0x2000'5728    0x64  Data  Gb  spi.o [1]
htim1                   0x2000'591c    0x4c  Data  Gb  tim.o [1]
htim15                  0x2000'5ae4    0x4c  Data  Gb  tim.o [1]
htim16                  0x2000'5b30    0x4c  Data  Gb  tim.o [1]
htim17                  0x2000'5b7c    0x4c  Data  Gb  tim.o [1]
htim2                   0x2000'5968    0x4c  Data  Gb  tim.o [1]
htim3                   0x2000'59b4    0x4c  Data  Gb  tim.o [1]
htim4                   0x2000'5a00    0x4c  Data  Gb  tim.o [1]
htim6                   0x2000'5a4c    0x4c  Data  Gb  tim.o [1]
htim7                   0x2000'58d0    0x4c  Data  Gb  stm32f3xx_hal_timebase_tim.o [1]
htim8                   0x2000'5a98    0x4c  Data  Gb  tim.o [1]
huart1                  0x2000'55bc    0x84  Data  Gb  usart.o [1]
huart2                  0x2000'5640    0x84  Data  Gb  usart.o [1]
main                     0x800'1e6d    0xe6  Code  Gb  main.o [1]
makeFreeRtosPriority     0x800'22e9    0x16  Code  Lc  cmsis_os.o [1]
memset                   0x800'1e59    0x14  Code  Gb  memset.o [4]
osDelay                  0x800'2367    0x16  Code  Gb  cmsis_os.o [1]
osKernelStart            0x800'22ff     0xa  Code  Gb  cmsis_os.o [1]
osThreadCreate           0x800'2309    0x5e  Code  Gb  cmsis_os.o [1]
peMBFrameReceiveCur     0x2000'5d80     0x4  Data  Lc  mb.o [1]
peMBFrameSendCur        0x2000'5d74     0x4  Data  Lc  mb.o [1]
prvAddCurrentTaskToDelayedList
                         0x800'53f1    0x6e  Code  Lc  tasks.o [1]
prvAddNewTaskToReadyList
                         0x800'4eb7    0x9a  Code  Lc  tasks.o [1]
prvCheckTasksWaitingTermination
                         0x800'530d    0x38  Code  Lc  tasks.o [1]
prvDeleteTCB             0x800'534d    0x42  Code  Lc  tasks.o [1]
prvHeapInit              0x800'6d87    0x5e  Code  Lc  heap_4.o [1]
prvIdleTask              0x800'5289    0x22  Code  Lc  tasks.o [1]
prvInitialiseNewTask     0x800'4e0d    0xaa  Code  Lc  tasks.o [1]
prvInitialiseTaskLists   0x800'52b9    0x50  Code  Lc  tasks.o [1]
prvInsertBlockIntoFreeList
                         0x800'6de5    0x5e  Code  Lc  heap_4.o [1]
prvResetNextTaskUnblockTime
                         0x800'538f    0x28  Code  Lc  tasks.o [1]
prvTaskExitError         0x800'6f21    0x2a  Code  Lc  port.o [1]
prveMBError2Exception    0x800'75d1    0x22  Code  Gb  mbutils.o [1]
pucSndBufferCur         0x2000'5d98     0x4  Data  Lc  mbrtu.o [1]
pvMBFrameCloseCur       0x2000'5d84     0x4  Data  Lc  mb.o [1]
pvMBFrameStartCur       0x2000'5d78     0x4  Data  Lc  mb.o [1]
pvMBFrameStopCur        0x2000'5d7c     0x4  Data  Lc  mb.o [1]
pvPortMalloc             0x800'6c01   0x114  Code  Gb  heap_4.o [1]
pxCurrentTCB            0x2000'5da4     0x4  Data  Gb  tasks.o [1]
pxDelayedTaskList       0x2000'5da8     0x4  Data  Lc  tasks.o [1]
pxEnd                   0x2000'5d60     0x4  Data  Lc  heap_4.o [1]
pxMBFrameCBByteReceived
                        0x2000'5d88     0x4  Data  Gb  mb.o [1]
pxMBFrameCBTransmitterEmpty
                        0x2000'5d8c     0x4  Data  Gb  mb.o [1]
pxMBPortCBTimerExpired  0x2000'5d90     0x4  Data  Gb  mb.o [1]
pxOverflowDelayedTaskList
                        0x2000'5dac     0x4  Data  Lc  tasks.o [1]
pxPortInitialiseStack    0x800'6ef9    0x28  Code  Gb  port.o [1]
pxReadyTasksLists       0x2000'5530    0x8c  Data  Lc  tasks.o [1]
resetSettings           0x2000'5dec     0x1  Data  Gb  main.o [1]
serial                  0x2000'0088     0x4  Data  Gb  portserial.o [1]
settings                0x2000'5298   0x198  Data  Gb  main.o [1]
timeout                 0x2000'5de8     0x2  Data  Gb  porttimer.o [1]
ucHeap                  0x2000'0098  0x5000  Data  Lc  heap_4.o [1]
ucMBAddress             0x2000'5ded     0x1  Data  Lc  mb.o [1]
ucMBSlaveID             0x2000'5c94    0x20  Data  Lc  mbfuncother.o [1]
ucMaxSysCallPriority    0x2000'5df4     0x1  Data  Lc  port.o [1]
ucRTUBuf                0x2000'5430   0x100  Data  Gb  mbrtu.o [1]
ulMaxPRIGROUPValue      0x2000'5d9c     0x4  Data  Lc  port.o [1]
usMBCRC16                0x800'7295    0x40  Code  Gb  mbcrc.o [1]
usMBSlaveIDLen          0x2000'5de2     0x2  Data  Lc  mbfuncother.o [1]
usRcvBufferPos          0x2000'5de6     0x2  Data  Lc  mbrtu.o [1]
usSndBufferCount        0x2000'5de4     0x2  Data  Lc  mbrtu.o [1]
uwTick                  0x2000'5da0     0x4  Data  Gb  stm32f3xx_hal.o [1]
uwTickFreq              0x2000'0095     0x1  Data  Gb  stm32f3xx_hal.o [1]
uwTickPrio              0x2000'008c     0x4  Data  Gb  stm32f3xx_hal.o [1]
uxCriticalNesting       0x2000'0084     0x4  Data  Lc  port.o [1]
uxCurrentNumberOfTasks  0x2000'5db4     0x4  Data  Lc  tasks.o [1]
uxDeletedTasksWaitingCleanUp
                        0x2000'5db0     0x4  Data  Lc  tasks.o [1]
uxListRemove             0x800'6ed3    0x26  Code  Gb  list.o [1]
uxPendedTicks           0x2000'5dc4     0x4  Data  Lc  tasks.o [1]
uxSchedulerSuspended    0x2000'5ddc     0x4  Data  Lc  tasks.o [1]
uxTaskNumber            0x2000'5dd0     0x4  Data  Lc  tasks.o [1]
uxTopReadyPriority      0x2000'5dbc     0x4  Data  Lc  tasks.o [1]
vApplicationGetIdleTaskMemory
                         0x800'1685    0x12  Code  Gb  freertos.o [1]
vListInitialise          0x800'6e61    0x1e  Code  Gb  list.o [1]
vListInitialiseItem      0x800'6e7f     0x6  Code  Gb  list.o [1]
vListInsert              0x800'6e9d    0x36  Code  Gb  list.o [1]
vListInsertEnd           0x800'6e85    0x18  Code  Gb  list.o [1]
vMBPortSerialEnable      0x800'70fd    0x5a  Code  Gb  portserial.o [1]
vMBPortTimersDisable     0x800'7251     0xa  Code  Gb  porttimer.o [1]
vMBPortTimersEnable      0x800'723f    0x12  Code  Gb  porttimer.o [1]
vPortEnableVFP           0x800'737d          Code  Gb  portasm.o [1]
vPortEnterCritical       0x800'7019    0x34  Code  Gb  port.o [1]
vPortExitCritical        0x800'704d    0x2c  Code  Gb  port.o [1]
vPortFree                0x800'6d15    0x72  Code  Gb  heap_4.o [1]
vPortStartFirstTask      0x800'735d          Code  Gb  portasm.o [1]
vTaskDelay               0x800'4f51    0x4c  Code  Gb  tasks.o [1]
vTaskStartScheduler      0x800'4f9d    0x8e  Code  Gb  tasks.o [1]
vTaskSuspendAll          0x800'502b     0xc  Code  Gb  tasks.o [1]
vTaskSwitchContext       0x800'5213    0x6c  Code  Gb  tasks.o [1]
xBlockAllocatedBit      0x2000'5d6c     0x4  Data  Lc  heap_4.o [1]
xDelayedTaskList1       0x2000'5ce4    0x14  Data  Lc  tasks.o [1]
xDelayedTaskList2       0x2000'5cf8    0x14  Data  Lc  tasks.o [1]
xEventInQueue           0x2000'5df6     0x1  Data  Lc  portevent.o [1]
xFreeBytesRemaining     0x2000'5d64     0x4  Data  Lc  heap_4.o [1]
xFuncHandlers           0x2000'0004    0x80  Data  Lc  mb.o [1]
xHeapStructSize          0x800'7df0     0x4  Data  Lc  heap_4.o [1]
xIdleStack              0x2000'5098   0x200  Data  Lc  freertos.o [1]
xIdleTaskHandle         0x2000'5dd8     0x4  Data  Lc  tasks.o [1]
xIdleTaskTCBBuffer      0x2000'578c    0x54  Data  Lc  freertos.o [1]
xMBPortEventGet          0x800'5765    0x1c  Code  Gb  portevent.o [1]
xMBPortEventInit         0x800'574d     0xa  Code  Gb  portevent.o [1]
xMBPortEventPost         0x800'5757     0xe  Code  Gb  portevent.o [1]
xMBPortSerialGetByte     0x800'71d9     0xe  Code  Gb  portserial.o [1]
xMBPortSerialInit        0x800'7157    0x64  Code  Gb  portserial.o [1]
xMBPortSerialPutByte     0x800'71bb    0x1e  Code  Gb  portserial.o [1]
xMBPortTimersInit        0x800'71f1    0x4e  Code  Gb  porttimer.o [1]
xMBRTUReceiveFSM         0x800'55c7    0x8a  Code  Gb  mbrtu.o [1]
xMBRTUTimerT35Expired    0x800'56bf    0x5c  Code  Gb  mbrtu.o [1]
xMBRTUTransmitFSM        0x800'5651    0x6e  Code  Gb  mbrtu.o [1]
xMinimumEverFreeBytesRemaining
                        0x2000'5d68     0x4  Data  Lc  heap_4.o [1]
xNextTaskUnblockTime    0x2000'5dd4     0x4  Data  Lc  tasks.o [1]
xNumOfOverflows         0x2000'5dcc     0x4  Data  Lc  tasks.o [1]
xPendingReadyList       0x2000'5d0c    0x14  Data  Lc  tasks.o [1]
xPortStartScheduler      0x800'6f4b    0xce  Code  Gb  port.o [1]
xSchedulerRunning       0x2000'5dc0     0x4  Data  Lc  tasks.o [1]
xStart                  0x2000'5d48     0x8  Data  Lc  heap_4.o [1]
xSuspendedTaskList      0x2000'5d34    0x14  Data  Lc  tasks.o [1]
xTaskCreate              0x800'4d9b    0x72  Code  Gb  tasks.o [1]
xTaskCreateStatic        0x800'4d19    0x82  Code  Gb  tasks.o [1]
xTaskIncrementTick       0x800'511b    0xf8  Code  Gb  tasks.o [1]
xTaskResumeAll           0x800'5037    0xe4  Code  Gb  tasks.o [1]
xTasksWaitingTermination
                        0x2000'5d20    0x14  Data  Lc  tasks.o [1]
xTickCount              0x2000'5db8     0x4  Data  Lc  tasks.o [1]
xYieldPending           0x2000'5dc8     0x4  Data  Lc  tasks.o [1]


[1] = D:\Kicads Schem\LED-Driver\prog\EWARM\prog\Obj
[2] = dl7M_tlf.a
[3] = m7M_tls.a
[4] = rt7M_tl.a
[5] = shb_l.a

  31'489 bytes of readonly  code memory
   1'100 bytes of readonly  data memory
  26'101 bytes of readwrite data memory

Errors: none
Warnings: none
