###############################################################################
#
# IAR ELF Linker V8.40.2.214/W32 for ARM                  13/Apr/2022  18:17:15
# Copyright 2007-2019 IAR Systems AB.
#
#    Output file  =  D:\Radio\Jobe\LED Driver\prog\EWARM\prog\Exe\prog.out
#    Map file     =  D:\Radio\Jobe\LED Driver\prog\EWARM\prog\List\prog.map
#    Command line =
#        -f C:\Users\IERIXO~1\AppData\Local\Temp\EW5E2E.tmp ("D:\Radio\Jobe\LED
#        Driver\prog\EWARM\prog\Obj\adc.o" "D:\Radio\Jobe\LED
#        Driver\prog\EWARM\prog\Obj\cmsis_os.o" "D:\Radio\Jobe\LED
#        Driver\prog\EWARM\prog\Obj\croutine.o" "D:\Radio\Jobe\LED
#        Driver\prog\EWARM\prog\Obj\dma.o" "D:\Radio\Jobe\LED
#        Driver\prog\EWARM\prog\Obj\event_groups.o" "D:\Radio\Jobe\LED
#        Driver\prog\EWARM\prog\Obj\flash_spi.o" "D:\Radio\Jobe\LED
#        Driver\prog\EWARM\prog\Obj\freertos.o" "D:\Radio\Jobe\LED
#        Driver\prog\EWARM\prog\Obj\gpio.o" "D:\Radio\Jobe\LED
#        Driver\prog\EWARM\prog\Obj\heap_4.o" "D:\Radio\Jobe\LED
#        Driver\prog\EWARM\prog\Obj\list.o" "D:\Radio\Jobe\LED
#        Driver\prog\EWARM\prog\Obj\main.o" "D:\Radio\Jobe\LED
#        Driver\prog\EWARM\prog\Obj\mb.o" "D:\Radio\Jobe\LED
#        Driver\prog\EWARM\prog\Obj\mbcrc.o" "D:\Radio\Jobe\LED
#        Driver\prog\EWARM\prog\Obj\mbfunccoils.o" "D:\Radio\Jobe\LED
#        Driver\prog\EWARM\prog\Obj\mbfuncdiag.o" "D:\Radio\Jobe\LED
#        Driver\prog\EWARM\prog\Obj\mbfuncdisc.o" "D:\Radio\Jobe\LED
#        Driver\prog\EWARM\prog\Obj\mbfuncholding.o" "D:\Radio\Jobe\LED
#        Driver\prog\EWARM\prog\Obj\mbfuncinput.o" "D:\Radio\Jobe\LED
#        Driver\prog\EWARM\prog\Obj\mbfuncother.o" "D:\Radio\Jobe\LED
#        Driver\prog\EWARM\prog\Obj\mbrtu.o" "D:\Radio\Jobe\LED
#        Driver\prog\EWARM\prog\Obj\mbutils.o" "D:\Radio\Jobe\LED
#        Driver\prog\EWARM\prog\Obj\port.o" "D:\Radio\Jobe\LED
#        Driver\prog\EWARM\prog\Obj\portasm.o" "D:\Radio\Jobe\LED
#        Driver\prog\EWARM\prog\Obj\portevent.o" "D:\Radio\Jobe\LED
#        Driver\prog\EWARM\prog\Obj\portserial.o" "D:\Radio\Jobe\LED
#        Driver\prog\EWARM\prog\Obj\porttimer.o" "D:\Radio\Jobe\LED
#        Driver\prog\EWARM\prog\Obj\queue.o" "D:\Radio\Jobe\LED
#        Driver\prog\EWARM\prog\Obj\spi.o" "D:\Radio\Jobe\LED
#        Driver\prog\EWARM\prog\Obj\startup_stm32f303xc.o" "D:\Radio\Jobe\LED
#        Driver\prog\EWARM\prog\Obj\stm32f3xx_hal.o" "D:\Radio\Jobe\LED
#        Driver\prog\EWARM\prog\Obj\stm32f3xx_hal_adc.o" "D:\Radio\Jobe\LED
#        Driver\prog\EWARM\prog\Obj\stm32f3xx_hal_adc_ex.o" "D:\Radio\Jobe\LED
#        Driver\prog\EWARM\prog\Obj\stm32f3xx_hal_cortex.o" "D:\Radio\Jobe\LED
#        Driver\prog\EWARM\prog\Obj\stm32f3xx_hal_dma.o" "D:\Radio\Jobe\LED
#        Driver\prog\EWARM\prog\Obj\stm32f3xx_hal_exti.o" "D:\Radio\Jobe\LED
#        Driver\prog\EWARM\prog\Obj\stm32f3xx_hal_flash.o" "D:\Radio\Jobe\LED
#        Driver\prog\EWARM\prog\Obj\stm32f3xx_hal_flash_ex.o"
#        "D:\Radio\Jobe\LED Driver\prog\EWARM\prog\Obj\stm32f3xx_hal_gpio.o"
#        "D:\Radio\Jobe\LED Driver\prog\EWARM\prog\Obj\stm32f3xx_hal_i2c.o"
#        "D:\Radio\Jobe\LED Driver\prog\EWARM\prog\Obj\stm32f3xx_hal_i2c_ex.o"
#        "D:\Radio\Jobe\LED Driver\prog\EWARM\prog\Obj\stm32f3xx_hal_msp.o"
#        "D:\Radio\Jobe\LED Driver\prog\EWARM\prog\Obj\stm32f3xx_hal_pwr.o"
#        "D:\Radio\Jobe\LED Driver\prog\EWARM\prog\Obj\stm32f3xx_hal_pwr_ex.o"
#        "D:\Radio\Jobe\LED Driver\prog\EWARM\prog\Obj\stm32f3xx_hal_rcc.o"
#        "D:\Radio\Jobe\LED Driver\prog\EWARM\prog\Obj\stm32f3xx_hal_rcc_ex.o"
#        "D:\Radio\Jobe\LED Driver\prog\EWARM\prog\Obj\stm32f3xx_hal_spi.o"
#        "D:\Radio\Jobe\LED Driver\prog\EWARM\prog\Obj\stm32f3xx_hal_spi_ex.o"
#        "D:\Radio\Jobe\LED Driver\prog\EWARM\prog\Obj\stm32f3xx_hal_tim.o"
#        "D:\Radio\Jobe\LED Driver\prog\EWARM\prog\Obj\stm32f3xx_hal_tim_ex.o"
#        "D:\Radio\Jobe\LED
#        Driver\prog\EWARM\prog\Obj\stm32f3xx_hal_timebase_tim.o"
#        "D:\Radio\Jobe\LED Driver\prog\EWARM\prog\Obj\stm32f3xx_hal_uart.o"
#        "D:\Radio\Jobe\LED Driver\prog\EWARM\prog\Obj\stm32f3xx_hal_uart_ex.o"
#        "D:\Radio\Jobe\LED Driver\prog\EWARM\prog\Obj\stm32f3xx_it.o"
#        "D:\Radio\Jobe\LED Driver\prog\EWARM\prog\Obj\stream_buffer.o"
#        "D:\Radio\Jobe\LED Driver\prog\EWARM\prog\Obj\system_stm32f3xx.o"
#        "D:\Radio\Jobe\LED Driver\prog\EWARM\prog\Obj\tasks.o"
#        "D:\Radio\Jobe\LED Driver\prog\EWARM\prog\Obj\tim.o"
#        "D:\Radio\Jobe\LED Driver\prog\EWARM\prog\Obj\timers.o"
#        "D:\Radio\Jobe\LED Driver\prog\EWARM\prog\Obj\usart.o" --redirect
#        _Printf=_PrintfFull --redirect _Scanf=_ScanfFull --no_out_extension -o
#        "D:\Radio\Jobe\LED Driver\prog\EWARM\prog\Exe\prog.out" --map
#        "D:\Radio\Jobe\LED Driver\prog\EWARM\prog\List\prog.map" --config
#        "D:\Radio\Jobe\LED Driver\prog\EWARM/stm32f303xc_flash.icf"
#        --semihosting --entry __iar_program_start --vfe --text_out locale)
#
###############################################################################

*******************************************************************************
*** RUNTIME MODEL ATTRIBUTES
***

CppFlavor        = *
__CPP_Exceptions = Disabled
__CPP_Language   = C++14
__SystemLibrary  = DLib
__dlib_version   = 6


*******************************************************************************
*** HEAP SELECTION
***

The basic heap was selected because no calls to memory allocation
functions were found in the application outside of system library
functions, and there are calls to deallocation functions in the
application.


*******************************************************************************
*** PLACEMENT SUMMARY
***

"A0":  place at address 0x800'0000 { ro section .intvec };
"P1":  place in [from 0x800'0000 to 0x803'ffff] { ro };
define block CSTACK with size = 2K, alignment = 8 { };
define block HEAP with size = 1K, alignment = 8 { };
"P2":  place in [from 0x2000'0000 to 0x2000'9fff] {
          rw, block CSTACK, block HEAP };
initialize by copy { rw };

  Section            Kind         Address    Size  Object
  -------            ----         -------    ----  ------
"A0":                                       0x188
  .intvec            ro code   0x800'0000   0x188  startup_stm32f303xc.o [1]
                             - 0x800'0188   0x188

"P1":                                      0xb575
  .text              ro code   0x800'0188  0x1280  freertos.o [1]
  .text              ro code   0x800'1408    0xa6  ABImemcpy.o [4]
  .text              ro code   0x800'14ae    0x3a  zero_init3.o [4]
  .text              ro code   0x800'14e8    0x94  cmsis_os.o [1]
  .text              ro code   0x800'157c   0x32c  stm32f3xx_hal_gpio.o [1]
  .text              ro code   0x800'18a8   0xbf0  stm32f3xx_hal_adc_ex.o [1]
  .text              ro code   0x800'2498   0x9ec  stm32f3xx_hal_spi.o [1]
  .text              ro code   0x800'2e84   0x200  mb.o [1]
  .text              ro code   0x800'3084   0x85e  flash_spi.o [1]
  .text              ro code   0x800'38e2    0x1e  xencoding_8859_1.o [2]
  .text              ro code   0x800'3900   0x770  tasks.o [1]
  .text              ro code   0x800'4070   0x65c  adc.o [1]
  .text              ro code   0x800'46cc   0x2b0  stm32f3xx_hal_dma.o [1]
  .text              ro code   0x800'497c     0x2  stm32f3xx_hal_adc.o [1]
  .text              ro code   0x800'497e     0x2  stm32f3xx_hal_adc.o [1]
  .text              ro code   0x800'4980     0xc  stm32f3xx_hal.o [1]
  .text              ro code   0x800'498c   0x174  spi.o [1]
  .text              ro code   0x800'4b00   0x2c4  mbrtu.o [1]
  .text              ro code   0x800'4dc4    0x3c  portevent.o [1]
  .text              ro code   0x800'4e00    0x28  stm32f3xx_hal.o [1]
  .text              ro code   0x800'4e28   0x9b6  stm32f3xx_hal_uart.o [1]
  .text              ro code   0x800'57de    0x1a  xsnprout.o [2]
  .text              ro code   0x800'57f8    0x44  snprintf.o [2]
  .text              ro code   0x800'583c    0x36  strlen.o [4]
  .rodata            const     0x800'5872     0x2  xlocale_c.o [2]
  .text              ro code   0x800'5874   0x260  heap_4.o [1]
  .text              ro code   0x800'5ad4    0x98  list.o [1]
  .text              ro code   0x800'5b6c   0x204  port.o [1]
  .text              ro code   0x800'5d70    0x14  memset.o [4]
  .text              ro code   0x800'5d84   0x2ae  main.o [1]
  .rodata            const     0x800'6032     0x2  xlocale_c.o [2]
  .text              ro code   0x800'6034   0x11c  portserial.o [1]
  .text              ro code   0x800'6150    0x80  porttimer.o [1]
  .text              ro code   0x800'61d0    0x24  ABIassert.o [5]
  .text              ro code   0x800'61f4    0x40  mbcrc.o [1]
  .text              ro code   0x800'6234   0x1a4  usart.o [1]
  .text              ro code   0x800'63d8     0x2  stm32f3xx_hal_uart.o [1]
  .text              ro code   0x800'63da     0x2  stm32f3xx_hal_uart.o [1]
  .text              ro code   0x800'63dc    0x92  stm32f3xx_hal_uart_ex.o [1]
  .rodata            const     0x800'646e     0x1  unwind_debug.o [5]
  .rodata            const     0x800'646f     0x1  xlocale_c.o [2]
  .text              ro code   0x800'6470   0x95c  stm32f3xx_hal_rcc.o [1]
  .text              ro code   0x800'6dcc     0x2  stm32f3xx_hal_uart.o [1]
  .text              ro code   0x800'6dd0  0x10c6  xprintffull.o [2]
  CODE               ro code   0x800'7e98    0xb0  portasm.o [1]
  .text              ro code   0x800'7f48    0x66  ABImemset.o [4]
  .text              ro code   0x800'7fb0    0x24  stm32f3xx_hal.o [1]
  .text              ro code   0x800'7fd4   0x12c  gpio.o [1]
  .text              ro code   0x800'8100   0xb64  tim.o [1]
  .text              ro code   0x800'8c64    0x60  dma.o [1]
  .text              ro code   0x800'8cc4   0x9e2  stm32f3xx_hal_tim.o [1]
  .text              ro code   0x800'96a8   0x250  stm32f3xx_hal_rcc_ex.o [1]
  .text              ro code   0x800'98f8    0x18  stm32f3xx_hal.o [1]
  .text              ro code   0x800'9910   0x138  stm32f3xx_hal_tim_ex.o [1]
  .text              ro code   0x800'9a48     0x6  abort.o [2]
  .text              ro code   0x800'9a50   0x11c  stm32f3xx_hal_cortex.o [1]
  .text              ro code   0x800'9b6c    0x80  stm32f3xx_hal_timebase_tim.o [1]
  .text              ro code   0x800'9bec    0x7c  xlocale_c.o [2]
  .text              ro code   0x800'9c68    0x16  strchr.o [4]
  .text              ro code   0x800'9c80    0x40  xfail_s.o [2]
  .text              ro code   0x800'9cc0    0x58  memchr.o [4]
  .text              ro code   0x800'9d18    0x70  frexp.o [3]
  .text              ro code   0x800'9d88    0x2e  DblCmpLe.o [3]
  .text              ro code   0x800'9db8    0x2e  DblCmpGe.o [3]
  .text              ro code   0x800'9de8   0x13a  ldexp.o [3]
  .text              ro code   0x800'9f24    0x3a  DblToS32.o [3]
  .text              ro code   0x800'9f60    0x22  S32ToDbl.o [3]
  .text              ro code   0x800'9f84    0xe2  DblSub.o [3]
  .text              ro code   0x800'a068   0x246  DblDiv.o [3]
  .text              ro code   0x800'a2b0    0x28  DblToU32.o [3]
  .text              ro code   0x800'a2d8    0x1a  U32ToDbl.o [3]
  .text              ro code   0x800'a2f4   0x1a2  DblMul.o [3]
  .text              ro code   0x800'a496     0xa  xmbcurmax.o [2]
  .text              ro code   0x800'a4a0   0x230  I64DivMod.o [4]
  .text              ro code   0x800'a6d0    0x40  stm32f3xx_hal_msp.o [1]
  .text              ro code   0x800'a710     0x2  stm32f3xx_hal_tim.o [1]
  .text              ro code   0x800'a712     0x2  stm32f3xx_hal_tim.o [1]
  .text              ro code   0x800'a714     0x2  stm32f3xx_hal_tim.o [1]
  .text              ro code   0x800'a716     0x2  stm32f3xx_hal_tim_ex.o [1]
  .text              ro code   0x800'a718     0x2  stm32f3xx_hal_tim_ex.o [1]
  .text              ro code   0x800'a71a     0x2  stm32f3xx_hal_tim.o [1]
  .text              ro code   0x800'a71c     0x2  stm32f3xx_hal_tim_ex.o [1]
  .text              ro code   0x800'a720    0x14  exit.o [5]
  .text              ro code   0x800'a734   0x16a  DblAdd.o [3]
  .text              ro code   0x800'a8a0     0x2  I64DivZer.o [4]
  .text              ro code   0x800'a8a2   0x21c  mbfuncholding.o [1]
  .text              ro code   0x800'aac0    0x22  mbutils.o [1]
  .text              ro code   0x800'aae2   0x198  mbfunccoils.o [1]
  .rodata            const     0x800'ac7c   0x100  mbcrc.o [1]
  .rodata            const     0x800'ad7c   0x100  mbcrc.o [1]
  .text              ro code   0x800'ae7c    0xe4  stm32f3xx_it.o [1]
  .text              ro code   0x800'af60    0x9c  mbfuncdisc.o [1]
  .text              ro code   0x800'affc    0x86  mbfuncinput.o [1]
  .text              ro code   0x800'b082    0x78  lz77_init_single.o [4]
  .rodata            const     0x800'b0fc    0x64  mbrtu.o [1]
  .rodata            const     0x800'b160    0x4c  mbrtu.o [1]
  .text              ro code   0x800'b1ac    0x28  data_init.o [4]
  .text              ro code   0x800'b1d4    0x24  mbfuncother.o [1]
  .text              ro code   0x800'b1f8    0x22  fpinit_M.o [3]
  .iar.init_table    const     0x800'b21c    0x20  - Linker created -
  .text              ro code   0x800'b23c    0x1e  cmain.o [4]
  .text              ro code   0x800'b25a     0x4  low_level_init.o [2]
  .text              ro code   0x800'b25e     0x4  exit.o [2]
  .text              ro code   0x800'b264     0xa  cexit.o [4]
  .rodata            const     0x800'b270    0x1c  freertos.o [1]
  .rodata            const     0x800'b28c    0x1c  freertos.o [1]
  .rodata            const     0x800'b2a8    0x1c  mbrtu.o [1]
  .rodata            const     0x800'b2c4    0x1c  mbrtu.o [1]
  .text              ro code   0x800'b2e0    0x1c  system_stm32f3xx.o [1]
  .rodata            const     0x800'b2fc    0x18  flash_spi.o [1]
  .rodata            const     0x800'b314    0x18  flash_spi.o [1]
  .rodata            const     0x800'b32c    0x18  flash_spi.o [1]
  .rodata            const     0x800'b344    0x18  flash_spi.o [1]
  .rodata            const     0x800'b35c    0x18  mbrtu.o [1]
  .rodata            const     0x800'b374    0x14  flash_spi.o [1]
  .rodata            const     0x800'b388    0x14  flash_spi.o [1]
  .rodata            const     0x800'b39c    0x14  flash_spi.o [1]
  .rodata            const     0x800'b3b0    0x10  flash_spi.o [1]
  .rodata            const     0x800'b3c0    0x10  flash_spi.o [1]
  .rodata            const     0x800'b3d0    0x10  flash_spi.o [1]
  .rodata            const     0x800'b3e0    0x10  flash_spi.o [1]
  .rodata            const     0x800'b3f0    0x10  flash_spi.o [1]
  .rodata            const     0x800'b400    0x10  flash_spi.o [1]
  .rodata            const     0x800'b410    0x10  flash_spi.o [1]
  .rodata            const     0x800'b420    0x10  flash_spi.o [1]
  .rodata            const     0x800'b430    0x10  flash_spi.o [1]
  .rodata            const     0x800'b440    0x10  flash_spi.o [1]
  .rodata            const     0x800'b450    0x10  flash_spi.o [1]
  .rodata            const     0x800'b460    0x10  flash_spi.o [1]
  .rodata            const     0x800'b470    0x10  flash_spi.o [1]
  .rodata            const     0x800'b480    0x10  flash_spi.o [1]
  .rodata            const     0x800'b490    0x10  flash_spi.o [1]
  .rodata            const     0x800'b4a0    0x10  flash_spi.o [1]
  .rodata            const     0x800'b4b0    0x10  flash_spi.o [1]
  .rodata            const     0x800'b4c0    0x10  flash_spi.o [1]
  .rodata            const     0x800'b4d0    0x10  stm32f3xx_hal_rcc.o [1]
  .rodata            const     0x800'b4e0    0x10  stm32f3xx_hal_rcc.o [1]
  .rodata            const     0x800'b4f0    0x10  system_stm32f3xx.o [1]
  .text              ro code   0x800'b500    0x10  startup_stm32f303xc.o [1]
  .rodata            const     0x800'b510     0xc  flash_spi.o [1]
  .rodata            const     0x800'b51c     0xc  flash_spi.o [1]
  .rodata            const     0x800'b528     0xc  flash_spi.o [1]
  .rodata            const     0x800'b534     0xc  freertos.o [1]
  .rodata            const     0x800'b540     0xc  freertos.o [1]
  .text              ro code   0x800'b54c     0xc  cstartup_M.o [4]
  .rodata            const     0x800'b558     0x8  main.o [1]
  .rodata            const     0x800'b560     0x8  main.o [1]
  .rodata            const     0x800'b568     0x8  main.o [1]
  .rodata            const     0x800'b570     0x8  system_stm32f3xx.o [1]
  .rodata            const     0x800'b578     0x8  tasks.o [1]
  .rodata            const     0x800'b580     0x4  heap_4.o [1]
  .text              ro code   0x800'b584     0x4  startup_stm32f303xc.o [1]
  .text              ro code   0x800'b588     0x4  startup_stm32f303xc.o [1]
  .text              ro code   0x800'b58c     0x4  startup_stm32f303xc.o [1]
  .text              ro code   0x800'b590     0x4  startup_stm32f303xc.o [1]
  .text              ro code   0x800'b594     0x4  startup_stm32f303xc.o [1]
  .text              ro code   0x800'b598     0x4  startup_stm32f303xc.o [1]
  .text              ro code   0x800'b59c     0x4  startup_stm32f303xc.o [1]
  .text              ro code   0x800'b5a0     0x4  startup_stm32f303xc.o [1]
  .text              ro code   0x800'b5a4     0x4  startup_stm32f303xc.o [1]
  .text              ro code   0x800'b5a8     0x4  startup_stm32f303xc.o [1]
  .text              ro code   0x800'b5ac     0x4  startup_stm32f303xc.o [1]
  .text              ro code   0x800'b5b0     0x4  startup_stm32f303xc.o [1]
  .text              ro code   0x800'b5b4     0x4  startup_stm32f303xc.o [1]
  .text              ro code   0x800'b5b8     0x4  startup_stm32f303xc.o [1]
  .text              ro code   0x800'b5bc     0x4  startup_stm32f303xc.o [1]
  .text              ro code   0x800'b5c0     0x4  startup_stm32f303xc.o [1]
  .text              ro code   0x800'b5c4     0x4  startup_stm32f303xc.o [1]
  .text              ro code   0x800'b5c8     0x4  startup_stm32f303xc.o [1]
  .text              ro code   0x800'b5cc     0x4  startup_stm32f303xc.o [1]
  .text              ro code   0x800'b5d0     0x4  startup_stm32f303xc.o [1]
  .text              ro code   0x800'b5d4     0x4  startup_stm32f303xc.o [1]
  .text              ro code   0x800'b5d8     0x4  startup_stm32f303xc.o [1]
  .text              ro code   0x800'b5dc     0x4  startup_stm32f303xc.o [1]
  .text              ro code   0x800'b5e0     0x4  startup_stm32f303xc.o [1]
  .text              ro code   0x800'b5e4     0x4  startup_stm32f303xc.o [1]
  .text              ro code   0x800'b5e8     0x4  startup_stm32f303xc.o [1]
  .text              ro code   0x800'b5ec     0x4  startup_stm32f303xc.o [1]
  .text              ro code   0x800'b5f0     0x4  startup_stm32f303xc.o [1]
  .text              ro code   0x800'b5f4     0x4  startup_stm32f303xc.o [1]
  .text              ro code   0x800'b5f8     0x4  startup_stm32f303xc.o [1]
  .text              ro code   0x800'b5fc     0x4  startup_stm32f303xc.o [1]
  .text              ro code   0x800'b600     0x4  startup_stm32f303xc.o [1]
  .text              ro code   0x800'b604     0x4  startup_stm32f303xc.o [1]
  .text              ro code   0x800'b608     0x4  startup_stm32f303xc.o [1]
  .text              ro code   0x800'b60c     0x4  startup_stm32f303xc.o [1]
  .text              ro code   0x800'b610     0x4  startup_stm32f303xc.o [1]
  .text              ro code   0x800'b614     0x4  startup_stm32f303xc.o [1]
  .text              ro code   0x800'b618     0x4  startup_stm32f303xc.o [1]
  .text              ro code   0x800'b61c     0x4  startup_stm32f303xc.o [1]
  .text              ro code   0x800'b620     0x4  startup_stm32f303xc.o [1]
  .text              ro code   0x800'b624     0x4  startup_stm32f303xc.o [1]
  .text              ro code   0x800'b628     0x4  startup_stm32f303xc.o [1]
  .text              ro code   0x800'b62c     0x4  startup_stm32f303xc.o [1]
  .text              ro code   0x800'b630     0x4  startup_stm32f303xc.o [1]
  .text              ro code   0x800'b634     0x4  startup_stm32f303xc.o [1]
  .text              ro code   0x800'b638     0x4  startup_stm32f303xc.o [1]
  .text              ro code   0x800'b63c     0x4  startup_stm32f303xc.o [1]
  .text              ro code   0x800'b640     0x4  startup_stm32f303xc.o [1]
  .text              ro code   0x800'b644     0x4  startup_stm32f303xc.o [1]
  .text              ro code   0x800'b648     0x4  startup_stm32f303xc.o [1]
  .text              ro code   0x800'b64c     0x4  startup_stm32f303xc.o [1]
  .text              ro code   0x800'b650     0x4  startup_stm32f303xc.o [1]
  .text              ro code   0x800'b654     0x4  startup_stm32f303xc.o [1]
  .text              ro code   0x800'b658     0x4  startup_stm32f303xc.o [1]
  .text              ro code   0x800'b65c     0x4  startup_stm32f303xc.o [1]
  .text              ro code   0x800'b660     0x4  startup_stm32f303xc.o [1]
  .text              ro code   0x800'b664     0x4  startup_stm32f303xc.o [1]
  .text              ro code   0x800'b668     0x4  startup_stm32f303xc.o [1]
  .text              ro code   0x800'b66c     0x4  startup_stm32f303xc.o [1]
  .text              ro code   0x800'b670     0x4  startup_stm32f303xc.o [1]
  .rodata            const     0x800'b674     0x0  zero_init3.o [4]
  .rodata            const     0x800'b674     0x0  lz77_init_single.o [4]
  Initializer bytes  const     0x800'b674    0x89  <for P2-1>
                             - 0x800'b6fd  0xb575

"P2", part 1 of 3:                          0x116
  P2-1                        0x2000'0000   0x116  <Init block>
    .data            inited   0x2000'0000     0x4  freertos.o [1]
    .data            inited   0x2000'0004    0x80  mb.o [1]
    .data            inited   0x2000'0084     0x4  port.o [1]
    .data            inited   0x2000'0088     0x4  portserial.o [1]
    .data            inited   0x2000'008c     0x4  stm32f3xx_hal.o [1]
    .data            inited   0x2000'0090     0x4  system_stm32f3xx.o [1]
    .data            inited   0x2000'0094    0x38  xlocale_c.o [2]
    .data            inited   0x2000'00cc    0x48  xlocale_c.o [2]
    .data            inited   0x2000'0114     0x1  mb.o [1]
    .data            inited   0x2000'0115     0x1  stm32f3xx_hal.o [1]
                            - 0x2000'0116   0x116

"P2", part 2 of 3:                         0x5e6c
  .bss               zero     0x2000'0118  0x5000  heap_4.o [1]
  .bss               zero     0x2000'5118   0x260  main.o [1]
  .bss               zero     0x2000'5378   0x200  freertos.o [1]
  .bss               zero     0x2000'5578   0x100  mbrtu.o [1]
  .bss               zero     0x2000'5678    0x8c  tasks.o [1]
  .bss               zero     0x2000'5704    0x84  usart.o [1]
  .bss               zero     0x2000'5788    0x84  usart.o [1]
  .bss               zero     0x2000'580c    0x64  spi.o [1]
  .bss               zero     0x2000'5870    0x64  spi.o [1]
  .bss               zero     0x2000'58d4    0x54  freertos.o [1]
  .bss               zero     0x2000'5928    0x50  adc.o [1]
  .bss               zero     0x2000'5978    0x50  adc.o [1]
  .bss               zero     0x2000'59c8    0x50  adc.o [1]
  .bss               zero     0x2000'5a18    0x4c  stm32f3xx_hal_timebase_tim.o [1]
  .bss               zero     0x2000'5a64    0x4c  tim.o [1]
  .bss               zero     0x2000'5ab0    0x4c  tim.o [1]
  .bss               zero     0x2000'5afc    0x4c  tim.o [1]
  .bss               zero     0x2000'5b48    0x4c  tim.o [1]
  .bss               zero     0x2000'5b94    0x4c  tim.o [1]
  .bss               zero     0x2000'5be0    0x4c  tim.o [1]
  .bss               zero     0x2000'5c2c    0x4c  tim.o [1]
  .bss               zero     0x2000'5c78    0x4c  tim.o [1]
  .bss               zero     0x2000'5cc4    0x4c  tim.o [1]
  .bss               zero     0x2000'5d10    0x44  adc.o [1]
  .bss               zero     0x2000'5d54    0x44  adc.o [1]
  .bss               zero     0x2000'5d98    0x44  adc.o [1]
  .bss               zero     0x2000'5ddc    0x40  flash_spi.o [1]
  .bss               zero     0x2000'5e1c    0x20  mbfuncother.o [1]
  .bss               zero     0x2000'5e3c    0x1c  freertos.o [1]
  .bss               zero     0x2000'5e58    0x14  freertos.o [1]
  .bss               zero     0x2000'5e6c    0x14  tasks.o [1]
  .bss               zero     0x2000'5e80    0x14  tasks.o [1]
  .bss               zero     0x2000'5e94    0x14  tasks.o [1]
  .bss               zero     0x2000'5ea8    0x14  tasks.o [1]
  .bss               zero     0x2000'5ebc    0x14  tasks.o [1]
  .bss               zero     0x2000'5ed0     0x8  heap_4.o [1]
  .bss               zero     0x2000'5ed8     0x4  adc.o [1]
  .bss               zero     0x2000'5edc     0x4  freertos.o [1]
  .bss               zero     0x2000'5ee0     0x4  freertos.o [1]
  .bss               zero     0x2000'5ee4     0x4  freertos.o [1]
  .bss               zero     0x2000'5ee8     0x4  heap_4.o [1]
  .bss               zero     0x2000'5eec     0x4  heap_4.o [1]
  .bss               zero     0x2000'5ef0     0x4  heap_4.o [1]
  .bss               zero     0x2000'5ef4     0x4  heap_4.o [1]
  .bss               zero     0x2000'5ef8     0x4  main.o [1]
  .bss               zero     0x2000'5efc     0x4  mb.o [1]
  .bss               zero     0x2000'5f00     0x4  mb.o [1]
  .bss               zero     0x2000'5f04     0x4  mb.o [1]
  .bss               zero     0x2000'5f08     0x4  mb.o [1]
  .bss               zero     0x2000'5f0c     0x4  mb.o [1]
  .bss               zero     0x2000'5f10     0x4  mb.o [1]
  .bss               zero     0x2000'5f14     0x4  mb.o [1]
  .bss               zero     0x2000'5f18     0x4  mb.o [1]
  .bss               zero     0x2000'5f1c     0x4  mb.o [1]
  .bss               zero     0x2000'5f20     0x4  mbrtu.o [1]
  .bss               zero     0x2000'5f24     0x4  port.o [1]
  .bss               zero     0x2000'5f28     0x4  stm32f3xx_hal.o [1]
  .bss               zero     0x2000'5f2c     0x4  tasks.o [1]
  .bss               zero     0x2000'5f30     0x4  tasks.o [1]
  .bss               zero     0x2000'5f34     0x4  tasks.o [1]
  .bss               zero     0x2000'5f38     0x4  tasks.o [1]
  .bss               zero     0x2000'5f3c     0x4  tasks.o [1]
  .bss               zero     0x2000'5f40     0x4  tasks.o [1]
  .bss               zero     0x2000'5f44     0x4  tasks.o [1]
  .bss               zero     0x2000'5f48     0x4  tasks.o [1]
  .bss               zero     0x2000'5f4c     0x4  tasks.o [1]
  .bss               zero     0x2000'5f50     0x4  tasks.o [1]
  .bss               zero     0x2000'5f54     0x4  tasks.o [1]
  .bss               zero     0x2000'5f58     0x4  tasks.o [1]
  .bss               zero     0x2000'5f5c     0x4  tasks.o [1]
  .bss               zero     0x2000'5f60     0x4  tasks.o [1]
  .bss               zero     0x2000'5f64     0x4  tasks.o [1]
  .bss               zero     0x2000'5f68     0x4  xfail_s.o [2]
  .bss               zero     0x2000'5f6c     0x2  mb.o [1]
  .bss               zero     0x2000'5f6e     0x2  mbfuncother.o [1]
  .bss               zero     0x2000'5f70     0x2  mbrtu.o [1]
  .bss               zero     0x2000'5f72     0x2  mbrtu.o [1]
  .bss               zero     0x2000'5f74     0x2  porttimer.o [1]
  .bss               zero     0x2000'5f76     0x2  porttimer.o [1]
  .bss               zero     0x2000'5f78     0x1  main.o [1]
  .bss               zero     0x2000'5f79     0x1  mb.o [1]
  .bss               zero     0x2000'5f7a     0x1  mb.o [1]
  .bss               zero     0x2000'5f7b     0x1  mb.o [1]
  .bss               zero     0x2000'5f7c     0x1  mb.o [1]
  .bss               zero     0x2000'5f7d     0x1  mb.o [1]
  .bss               zero     0x2000'5f7e     0x1  mbrtu.o [1]
  .bss               zero     0x2000'5f7f     0x1  mbrtu.o [1]
  .bss               zero     0x2000'5f80     0x1  port.o [1]
  .bss               zero     0x2000'5f81     0x1  portevent.o [1]
  .bss               zero     0x2000'5f82     0x1  portevent.o [1]
                            - 0x2000'5f83  0x5e6b

"P2", part 3 of 3:                          0x800
  CSTACK                      0x2000'5f88   0x800  <Block>
    CSTACK           uninit   0x2000'5f88   0x800  <Block tail>
                            - 0x2000'6788   0x800

Unused ranges:

         From           To      Size
         ----           --      ----
   0x800'b6fd   0x803'ffff  0x3'4903
  0x2000'0116  0x2000'0117       0x2
  0x2000'5f84  0x2000'5f87       0x4
  0x2000'6788  0x2000'9fff    0x3878


*******************************************************************************
*** INIT TABLE
***

          Address      Size
          -------      ----
Zero (__iar_zero_init3)
    1 destination range, total size 0x5e6b:
          0x2000'0118  0x5e6b

Copy/lz77 (__iar_lz77_init_single3)
    1 source range, total size 0x89 (49% of destination):
           0x800'b674    0x89
    1 destination range, total size 0x116:
          0x2000'0000   0x116



*******************************************************************************
*** MODULE SUMMARY
***

    Module                        ro code  ro data  rw data
    ------                        -------  -------  -------
command line/config:
    -------------------------------------------------------
    Total:

D:\Radio\Jobe\LED Driver\prog\EWARM\prog\Obj: [1]
    adc.o                           1'628               448
    cmsis_os.o                        148
    dma.o                              96
    flash_spi.o                     2'142      480       64
    freertos.o                      4'736       81      660
    gpio.o                            300
    heap_4.o                          608        4   20'504
    list.o                            152
    main.o                            686       24      613
    mb.o                              512       64      172
    mbcrc.o                            64      512
    mbfunccoils.o                     408
    mbfuncdisc.o                      156
    mbfuncholding.o                   540
    mbfuncinput.o                     134
    mbfuncother.o                      36                34
    mbrtu.o                           708      256      266
    mbutils.o                          34
    port.o                            516        2        9
    portasm.o                         176
    portevent.o                        60                 2
    portserial.o                      284        1        4
    porttimer.o                       128                 4
    spi.o                             372               200
    startup_stm32f303xc.o             648
    stm32f3xx_hal.o                   112        3        9
    stm32f3xx_hal_adc.o                 4
    stm32f3xx_hal_adc_ex.o          3'056
    stm32f3xx_hal_cortex.o            284
    stm32f3xx_hal_dma.o               688
    stm32f3xx_hal_gpio.o              812
    stm32f3xx_hal_msp.o                64
    stm32f3xx_hal_rcc.o             2'396       32
    stm32f3xx_hal_rcc_ex.o            592
    stm32f3xx_hal_spi.o             2'540
    stm32f3xx_hal_tim.o             2'538
    stm32f3xx_hal_tim_ex.o            318
    stm32f3xx_hal_timebase_tim.o      128                76
    stm32f3xx_hal_uart.o            2'492
    stm32f3xx_hal_uart_ex.o           146
    stm32f3xx_it.o                    228
    system_stm32f3xx.o                 28       26        4
    tasks.o                         1'904        8      300
    tim.o                           2'916               684
    usart.o                           420               264
    -------------------------------------------------------
    Total:                         36'938    1'493   24'317

dl7M_tlf.a: [2]
    abort.o                             6
    exit.o                              4
    low_level_init.o                    4
    snprintf.o                         68
    xencoding_8859_1.o                 30
    xfail_s.o                          64                 4
    xlocale_c.o                       124       69      128
    xmbcurmax.o                        10
    xprintffull.o                   4'294
    xsnprout.o                         26
    -------------------------------------------------------
    Total:                          4'630       69      132

m7M_tls.a: [3]
    DblAdd.o                          362
    DblCmpGe.o                         46
    DblCmpLe.o                         46
    DblDiv.o                          582
    DblMul.o                          418
    DblSub.o                          226
    DblToS32.o                         58
    DblToU32.o                         40
    S32ToDbl.o                         34
    U32ToDbl.o                         26
    fpinit_M.o                         34
    frexp.o                           112
    ldexp.o                           314
    -------------------------------------------------------
    Total:                          2'298

rt7M_tl.a: [4]
    ABImemcpy.o                       166
    ABImemset.o                       102
    I64DivMod.o                       560
    I64DivZer.o                         2
    cexit.o                            10
    cmain.o                            30
    cstartup_M.o                       12
    data_init.o                        40
    lz77_init_single.o                120
    memchr.o                           88
    memset.o                           20
    strchr.o                           22
    strlen.o                           54
    zero_init3.o                       58
    -------------------------------------------------------
    Total:                          1'284

shb_l.a: [5]
    ABIassert.o                        36
    exit.o                             20
    unwind_debug.o                               1
    -------------------------------------------------------
    Total:                             56        1

    Gaps                               36        8
    Linker created                              32    2'048
-----------------------------------------------------------
    Grand Total:                   45'242    1'603   26'497


*******************************************************************************
*** ENTRY LIST
***

Entry                       Address    Size  Type      Object
-----                       -------    ----  ----      ------
.iar.init_table$$Base    0x800'b21c           --   Gb  - Linker created -
.iar.init_table$$Limit   0x800'b23c           --   Gb  - Linker created -
?main                    0x800'b23d          Code  Gb  cmain.o [4]
ADC_DMAConvCplt          0x800'2301    0x4a  Code  Lc  stm32f3xx_hal_adc_ex.o [1]
ADC_DMAError             0x800'2355    0x1a  Code  Lc  stm32f3xx_hal_adc_ex.o [1]
ADC_DMAHalfConvCplt      0x800'234b     0xa  Code  Lc  stm32f3xx_hal_adc_ex.o [1]
ADC_Disable              0x800'23f5    0x8c  Code  Lc  stm32f3xx_hal_adc_ex.o [1]
ADC_Enable               0x800'236f    0x86  Code  Lc  stm32f3xx_hal_adc_ex.o [1]
AHBPrescTable            0x800'b4f0    0x10  Data  Gb  system_stm32f3xx.o [1]
APBPrescTable            0x800'b570     0x8  Data  Gb  system_stm32f3xx.o [1]
BusFault_Handler         0x800'ae83     0x2  Code  Gb  stm32f3xx_it.o [1]
CH11_CH12               0x2000'5edc     0x4  Data  Gb  freertos.o [1]
CH13_CH25               0x2000'5e3c    0x1c  Data  Gb  freertos.o [1]
CH1_CH10                0x2000'5e58    0x14  Data  Gb  freertos.o [1]
CSTACK$$Base            0x2000'5f88           --   Gb  - Linker created -
CSTACK$$Limit           0x2000'6788           --   Gb  - Linker created -
CacheMore                0x800'9bf1    0x28  Code  Lc  xlocale_c.o [2]
DMA1_Channel1_IRQHandler
                         0x800'ae89     0xa  Code  Gb  stm32f3xx_it.o [1]
DMA2_Channel1_IRQHandler
                         0x800'af25     0xa  Code  Gb  stm32f3xx_it.o [1]
DMA2_Channel2_IRQHandler
                         0x800'af2f     0xa  Code  Gb  stm32f3xx_it.o [1]
DMA_CalcBaseAndBitshift
                         0x800'4933    0x34  Code  Lc  stm32f3xx_hal_dma.o [1]
DMA_SetConfig            0x800'4907    0x2c  Code  Lc  stm32f3xx_hal_dma.o [1]
DebugMon_Handler         0x800'ae87     0x2  Code  Gb  stm32f3xx_it.o [1]
Error_Handler            0x800'6031     0x2  Code  Gb  main.o [1]
FlashP                  0x2000'5ef8     0x4  Data  Gb  main.o [1]
HAL_ADCEx_MultiModeConfigChannel
                         0x800'218d   0x166  Code  Gb  stm32f3xx_hal_adc_ex.o [1]
HAL_ADC_ConfigChannel    0x800'1d51   0x42e  Code  Gb  stm32f3xx_hal_adc_ex.o [1]
HAL_ADC_ConvCpltCallback
                         0x800'03a5     0x2  Code  Gb  freertos.o [1]
HAL_ADC_ConvHalfCpltCallback
                         0x800'497d     0x2  Code  Wk  stm32f3xx_hal_adc.o [1]
HAL_ADC_ErrorCallback    0x800'497f     0x2  Code  Wk  stm32f3xx_hal_adc.o [1]
HAL_ADC_Init             0x800'18a9   0x2d0  Code  Gb  stm32f3xx_hal_adc_ex.o [1]
HAL_ADC_MspInit          0x800'443d   0x248  Code  Gb  adc.o [1]
HAL_ADC_Start_DMA        0x800'1b95   0x18a  Code  Gb  stm32f3xx_hal_adc_ex.o [1]
HAL_DMA_Abort            0x800'47a7    0x48  Code  Gb  stm32f3xx_hal_dma.o [1]
HAL_DMA_Abort_IT         0x800'47ef    0x52  Code  Gb  stm32f3xx_hal_dma.o [1]
HAL_DMA_IRQHandler       0x800'4841    0xc6  Code  Gb  stm32f3xx_hal_dma.o [1]
HAL_DMA_Init             0x800'46cd    0x56  Code  Gb  stm32f3xx_hal_dma.o [1]
HAL_DMA_Start_IT         0x800'4723    0x84  Code  Gb  stm32f3xx_hal_dma.o [1]
HAL_Delay                0x800'4e01    0x28  Code  Wk  stm32f3xx_hal.o [1]
HAL_GPIO_DeInit          0x800'1729   0x144  Code  Gb  stm32f3xx_hal_gpio.o [1]
HAL_GPIO_Init            0x800'157d   0x1ac  Code  Gb  stm32f3xx_hal_gpio.o [1]
HAL_GPIO_WritePin        0x800'186d    0x12  Code  Gb  stm32f3xx_hal_gpio.o [1]
HAL_GetTick              0x800'4981     0xc  Code  Wk  stm32f3xx_hal.o [1]
HAL_IncTick              0x800'98f9    0x18  Code  Wk  stm32f3xx_hal.o [1]
HAL_Init                 0x800'7fb1    0x20  Code  Gb  stm32f3xx_hal.o [1]
HAL_InitTick             0x800'9b6d    0x70  Code  Gb  stm32f3xx_hal_timebase_tim.o [1]
HAL_MspInit              0x800'a6d1    0x40  Code  Gb  stm32f3xx_hal_msp.o [1]
HAL_NVIC_DisableIRQ      0x800'9b49     0xa  Code  Gb  stm32f3xx_hal_cortex.o [1]
HAL_NVIC_EnableIRQ       0x800'9b3f     0xa  Code  Gb  stm32f3xx_hal_cortex.o [1]
HAL_NVIC_SetPriority     0x800'9b1d    0x22  Code  Gb  stm32f3xx_hal_cortex.o [1]
HAL_NVIC_SetPriorityGrouping
                         0x800'9b15     0x8  Code  Gb  stm32f3xx_hal_cortex.o [1]
HAL_RCCEx_PeriphCLKConfig
                         0x800'96a9   0x230  Code  Gb  stm32f3xx_hal_rcc_ex.o [1]
HAL_RCC_ADC12_CLK_ENABLED
                        0x2000'5ed8     0x4  Data  Lc  adc.o [1]
HAL_RCC_ClockConfig      0x800'6ae5   0x1bc  Code  Gb  stm32f3xx_hal_rcc.o [1]
HAL_RCC_GetClockConfig   0x800'6d4f    0x34  Code  Gb  stm32f3xx_hal_rcc.o [1]
HAL_RCC_GetHCLKFreq      0x800'6d09     0x6  Code  Gb  stm32f3xx_hal_rcc.o [1]
HAL_RCC_GetPCLK1Freq     0x800'6d0f    0x20  Code  Gb  stm32f3xx_hal_rcc.o [1]
HAL_RCC_GetPCLK2Freq     0x800'6d2f    0x20  Code  Gb  stm32f3xx_hal_rcc.o [1]
HAL_RCC_GetSysClockFreq
                         0x800'6ca1    0x68  Code  Gb  stm32f3xx_hal_rcc.o [1]
HAL_RCC_OscConfig        0x800'6471   0x674  Code  Gb  stm32f3xx_hal_rcc.o [1]
HAL_RS485Ex_Init         0x800'63dd    0x90  Code  Gb  stm32f3xx_hal_uart_ex.o [1]
HAL_SPI_Init             0x800'2499   0x104  Code  Gb  stm32f3xx_hal_spi.o [1]
HAL_SPI_MspInit          0x800'4a2d    0xb0  Code  Gb  spi.o [1]
HAL_SPI_Receive          0x800'2785   0x1a2  Code  Gb  stm32f3xx_hal_spi.o [1]
HAL_SPI_Transmit         0x800'259d   0x1e8  Code  Gb  stm32f3xx_hal_spi.o [1]
HAL_SPI_TransmitReceive
                         0x800'2927   0x2b2  Code  Gb  stm32f3xx_hal_spi.o [1]
HAL_TIMEx_Break2Callback
                         0x800'a719     0x2  Code  Wk  stm32f3xx_hal_tim_ex.o [1]
HAL_TIMEx_BreakCallback
                         0x800'a717     0x2  Code  Wk  stm32f3xx_hal_tim_ex.o [1]
HAL_TIMEx_CommutCallback
                         0x800'a71d     0x2  Code  Wk  stm32f3xx_hal_tim_ex.o [1]
HAL_TIMEx_ConfigBreakDeadTime
                         0x800'99a3    0x92  Code  Gb  stm32f3xx_hal_tim_ex.o [1]
HAL_TIMEx_MasterConfigSynchronization
                         0x800'9911    0x92  Code  Gb  stm32f3xx_hal_tim_ex.o [1]
HAL_TIM_Base_Init        0x800'8cc5    0x7a  Code  Gb  stm32f3xx_hal_tim.o [1]
HAL_TIM_Base_MspInit     0x800'8907    0x78  Code  Gb  tim.o [1]
HAL_TIM_Base_Start_IT    0x800'8d3f    0x8a  Code  Gb  stm32f3xx_hal_tim.o [1]
HAL_TIM_Base_Stop_IT     0x800'8dc9    0x3a  Code  Gb  stm32f3xx_hal_tim.o [1]
HAL_TIM_IRQHandler       0x800'9001   0x194  Code  Gb  stm32f3xx_hal_tim.o [1]
HAL_TIM_MspPostInit      0x800'897f   0x282  Code  Gb  tim.o [1]
HAL_TIM_PWM_ConfigChannel
                         0x800'9195   0x15c  Code  Gb  stm32f3xx_hal_tim.o [1]
HAL_TIM_PWM_Init         0x800'8e1d    0x7a  Code  Gb  stm32f3xx_hal_tim.o [1]
HAL_TIM_PWM_MspInit      0x800'8839    0xce  Code  Gb  tim.o [1]
HAL_TIM_PWM_Start        0x800'8e97   0x14a  Code  Gb  stm32f3xx_hal_tim.o [1]
HAL_TIM_PeriodElapsedCallback
                         0x800'5fe1    0x10  Code  Gb  main.o [1]
HAL_UARTEx_WakeupCallback
                         0x800'646d     0x2  Code  Wk  stm32f3xx_hal_uart_ex.o [1]
HAL_UART_DeInit          0x800'4ea3    0x50  Code  Gb  stm32f3xx_hal_uart.o [1]
HAL_UART_IRQHandler      0x800'4fc3   0x2f2  Code  Gb  stm32f3xx_hal_uart.o [1]
HAL_UART_Init            0x800'4e29    0x7a  Code  Gb  stm32f3xx_hal_uart.o [1]
HAL_UART_MspDeInit       0x800'6375    0x44  Code  Gb  usart.o [1]
HAL_UART_MspInit         0x800'62b3    0xc2  Code  Gb  usart.o [1]
HAL_UART_Transmit        0x800'4ef3    0xd0  Code  Gb  stm32f3xx_hal_uart.o [1]
HardFault_Handler        0x800'ae7f     0x2  Code  Gb  stm32f3xx_it.o [1]
MX_ADC1_Init             0x800'4071   0x180  Code  Gb  adc.o [1]
MX_ADC2_Init             0x800'41f1    0xa2  Code  Gb  adc.o [1]
MX_ADC4_Init             0x800'4293   0x1aa  Code  Gb  adc.o [1]
MX_DMA_Init              0x800'8c65    0x60  Code  Gb  dma.o [1]
MX_FREERTOS_Init()       0x800'0197    0x34  Code  Gb  freertos.o [1]
MX_GPIO_Init             0x800'7fd5   0x12c  Code  Gb  gpio.o [1]
MX_SPI1_Init             0x800'498d    0x50  Code  Gb  spi.o [1]
MX_SPI3_Init             0x800'49dd    0x50  Code  Gb  spi.o [1]
MX_TIM15_Init            0x800'85cd    0xe8  Code  Gb  tim.o [1]
MX_TIM16_Init            0x800'86b5    0xc2  Code  Gb  tim.o [1]
MX_TIM17_Init            0x800'8777    0xc2  Code  Gb  tim.o [1]
MX_TIM1_Init             0x800'8101   0x11e  Code  Gb  tim.o [1]
MX_TIM2_Init             0x800'821f    0xc0  Code  Gb  tim.o [1]
MX_TIM3_Init             0x800'82df    0xc0  Code  Gb  tim.o [1]
MX_TIM4_Init             0x800'839f    0xc0  Code  Gb  tim.o [1]
MX_TIM6_Init             0x800'845f    0x50  Code  Gb  tim.o [1]
MX_TIM8_Init             0x800'84af   0x11e  Code  Gb  tim.o [1]
MX_USART1_UART_Init      0x800'6235    0x42  Code  Gb  usart.o [1]
MX_USART2_UART_Init      0x800'6277    0x3c  Code  Gb  usart.o [1]
MainTaskHandle          0x2000'5ee0     0x4  Data  Gb  freertos.o [1]
MemManage_Handler        0x800'ae81     0x2  Code  Gb  stm32f3xx_it.o [1]
ModBusTask(void const *)
                         0x800'02e5    0x20  Code  Gb  freertos.o [1]
ModBus_TaskHandle       0x2000'5ee4     0x4  Data  Gb  freertos.o [1]
NMI_Handler              0x800'ae7d     0x2  Code  Gb  stm32f3xx_it.o [1]
NVIC_EncodePriority      0x800'9ad9    0x3c  Code  Lc  stm32f3xx_hal_cortex.o [1]
PendSV_Handler           0x800'7e99          Code  Gb  portasm.o [1]
Region$$Table$$Base      0x800'b21c           --   Gb  - Linker created -
Region$$Table$$Limit     0x800'b23c           --   Gb  - Linker created -
SPI_EndRxTransaction     0x800'2d95    0x86  Code  Lc  stm32f3xx_hal_spi.o [1]
SPI_EndRxTxTransaction   0x800'2e1b    0x6a  Code  Lc  stm32f3xx_hal_spi.o [1]
SPI_WaitFifoStateUntilTimeout
                         0x800'2ca9    0xe6  Code  Lc  stm32f3xx_hal_spi.o [1]
SPI_WaitFlagStateUntilTimeout
                         0x800'2bd9    0xd0  Code  Lc  stm32f3xx_hal_spi.o [1]
SVC_Handler              0x800'7ef1          Code  Gb  portasm.o [1]
StartDefaultTask(void const *)
                         0x800'01cb   0x11a  Code  Gb  freertos.o [1]
SysTick_Handler          0x800'5ced    0x28  Code  Gb  port.o [1]
SystemClock_Config()     0x800'5f39    0xa8  Code  Gb  main.o [1]
SystemCoreClock         0x2000'0090     0x4  Data  Gb  system_stm32f3xx.o [1]
SystemInit               0x800'b2e1    0x14  Code  Gb  system_stm32f3xx.o [1]
TIM6_DAC_IRQHandler      0x800'aee3    0x38  Code  Gb  stm32f3xx_it.o [1]
TIM7_IRQHandler          0x800'af1b     0xa  Code  Gb  stm32f3xx_it.o [1]
TIM_Base_SetConfig       0x800'92f1    0xb6  Code  Gb  stm32f3xx_hal_tim.o [1]
TIM_CCxChannelCmd        0x800'9681    0x26  Code  Gb  stm32f3xx_hal_tim.o [1]
TIM_OC1_SetConfig        0x800'93a7    0x9c  Code  Lc  stm32f3xx_hal_tim.o [1]
TIM_OC2_SetConfig        0x800'9443    0x88  Code  Gb  stm32f3xx_hal_tim.o [1]
TIM_OC3_SetConfig        0x800'94cb    0x7e  Code  Lc  stm32f3xx_hal_tim.o [1]
TIM_OC4_SetConfig        0x800'954b    0x5e  Code  Lc  stm32f3xx_hal_tim.o [1]
TIM_OC5_SetConfig        0x800'95a9    0x58  Code  Lc  stm32f3xx_hal_tim.o [1]
TIM_OC6_SetConfig        0x800'9601    0x5a  Code  Lc  stm32f3xx_hal_tim.o [1]
UART_AdvFeatureConfig    0x800'5529    0xda  Code  Gb  stm32f3xx_hal_uart.o [1]
UART_CheckIdleState      0x800'5603    0x6e  Code  Gb  stm32f3xx_hal_uart.o [1]
UART_DMAAbortOnError     0x800'57a5    0x16  Code  Lc  stm32f3xx_hal_uart.o [1]
UART_EndRxTransfer       0x800'574f    0x56  Code  Lc  stm32f3xx_hal_uart.o [1]
UART_EndTransmit_IT      0x800'57bb    0x24  Code  Lc  stm32f3xx_hal_uart.o [1]
UART_SetConfig           0x800'52b7   0x24c  Code  Gb  stm32f3xx_hal_uart.o [1]
UART_WaitOnFlagUntilTimeout
                         0x800'5671    0xde  Code  Gb  stm32f3xx_hal_uart.o [1]
USART1_IRQHandler        0x800'ae93    0x50  Code  Gb  stm32f3xx_it.o [1]
UsageFault_Handler       0x800'ae85     0x2  Code  Gb  stm32f3xx_it.o [1]
_Encoding_8859_1_Mbrlen
                         0x800'38f5     0x2  Code  Gb  xencoding_8859_1.o [2]
_Encoding_8859_1_Wctomb
                         0x800'38e3    0x12  Code  Gb  xencoding_8859_1.o [2]
_LitobFull               0x800'7ce3   0x10a  Code  Lc  xprintffull.o [2]
_Locale_lconv           0x2000'0094    0x38  Data  Lc  xlocale_c.o [2]
_PrintfFull              0x800'6dd1   0xcc4  Code  Gb  xprintffull.o [2]
_PutcharsFull            0x800'7e55    0x2e  Code  Lc  xprintffull.o [2]
_PutstrFull              0x800'7c23    0xc0  Code  Lc  xprintffull.o [2]
_PuttxtFull              0x800'7b17   0x10c  Code  Lc  xprintffull.o [2]
_SNProut                 0x800'57df    0x1a  Code  Gb  xsnprout.o [2]
__NVIC_DisableIRQ        0x800'9a91    0x24  Code  Lc  stm32f3xx_hal_cortex.o [1]
__NVIC_EnableIRQ         0x800'9a75    0x1c  Code  Lc  stm32f3xx_hal_cortex.o [1]
__NVIC_GetPriorityGrouping
                         0x800'9a6b     0xa  Code  Lc  stm32f3xx_hal_cortex.o [1]
__NVIC_SetPriority       0x800'9ab5    0x24  Code  Lc  stm32f3xx_hal_cortex.o [1]
__NVIC_SetPriorityGrouping
                         0x800'9a51    0x1a  Code  Lc  stm32f3xx_hal_cortex.o [1]
__aeabi_assert           0x800'61d1    0x24  Code  Gb  ABIassert.o [5]
__aeabi_cdcmple          0x800'9d89          Code  Gb  DblCmpLe.o [3]
__aeabi_cdrcmple         0x800'9db9          Code  Gb  DblCmpGe.o [3]
__aeabi_d2iz             0x800'9f25          Code  Gb  DblToS32.o [3]
__aeabi_d2uiz            0x800'a2b1          Code  Gb  DblToU32.o [3]
__aeabi_ddiv             0x800'a069          Code  Gb  DblDiv.o [3]
__aeabi_dmul             0x800'a2f5          Code  Gb  DblMul.o [3]
__aeabi_dsub             0x800'9f85          Code  Gb  DblSub.o [3]
__aeabi_i2d              0x800'9f61          Code  Gb  S32ToDbl.o [3]
__aeabi_ldiv0            0x800'a8a1          Code  Gb  I64DivZer.o [4]
__aeabi_memcpy           0x800'1409          Code  Gb  ABImemcpy.o [4]
__aeabi_memcpy4          0x800'1429          Code  Gb  ABImemcpy.o [4]
__aeabi_memcpy8          0x800'1429          Code  Gb  ABImemcpy.o [4]
__aeabi_memset           0x800'7f49          Code  Gb  ABImemset.o [4]
__aeabi_ui2d             0x800'a2d9          Code  Gb  U32ToDbl.o [3]
__aeabi_uldivmod         0x800'a4a1          Code  Gb  I64DivMod.o [4]
__cmain                  0x800'b23d          Code  Gb  cmain.o [4]
__exit                   0x800'a721    0x14  Code  Gb  exit.o [5]
__iar_Fail_s             0x800'9c81    0x1c  Code  Gb  xfail_s.o [2]
__iar_Mbcurmax           0x800'a497     0xa  Code  Gb  xmbcurmax.o [2]
__iar_Memchr             0x800'9cc1          Code  Gb  memchr.o [4]
__iar_Memset             0x800'7f49          Code  Gb  ABImemset.o [4]
__iar_Memset_word        0x800'7f51          Code  Gb  ABImemset.o [4]
__iar_Strchr             0x800'9c69          Code  Gb  strchr.o [4]
__iar_dadd               0x800'9f95          Code  Gb  DblSub.o [3]
__iar_data_init3         0x800'b1ad    0x28  Code  Gb  data_init.o [4]
__iar_debug_exceptions   0x800'646e     0x1  Data  Gb  unwind_debug.o [5]
__iar_dsub               0x800'a735          Code  Gb  DblAdd.o [3]
__iar_dsubStart          0x800'a747          Code  Gb  DblAdd.o [3]
__iar_frexp              0x800'9d25          Code  Gb  frexp.o [3]
__iar_frexpl             0x800'9d25          Code  Gb  frexp.o [3]
__iar_globLocale        0x2000'00cc    0x48  Data  Lc  xlocale_c.o [2]
__iar_global_Locale      0x800'9bed     0x4  Code  Gb  xlocale_c.o [2]
__iar_init_vfp           0x800'b1f9          Code  Gb  fpinit_M.o [3]
__iar_ldexp64            0x800'9de9          Code  Gb  ldexp.o [3]
__iar_lz77_init_single3
                         0x800'b083    0x78  Code  Gb  lz77_init_single.o [4]
__iar_program_start      0x800'b54d          Code  Gb  cstartup_M.o [4]
__iar_scalbln64          0x800'9de9          Code  Gb  ldexp.o [3]
__iar_scalbn64           0x800'9de9          Code  Gb  ldexp.o [3]
__iar_softfp___iar_frexp64
                         0x800'9d19          Code  Gb  frexp.o [3]
__iar_softfp_frexp       0x800'9d19          Code  Gb  frexp.o [3]
__iar_softfp_frexpl      0x800'9d19          Code  Gb  frexp.o [3]
__iar_zero_init3         0x800'14af    0x3a  Code  Gb  zero_init3.o [4]
__low_level_init         0x800'b25b     0x4  Code  Gb  low_level_init.o [2]
__vector_table           0x800'0000          Data  Gb  startup_stm32f303xc.o [1]
_call_main               0x800'b249          Code  Gb  cmain.o [4]
_exit                    0x800'b265          Code  Gb  cexit.o [4]
_gLocale_mblen           0x800'9c55     0x4  Code  Gb  xlocale_c.o [2]
_gLocale_mblenInt        0x800'9c19    0x2c  Code  Gb  xlocale_c.o [2]
_gLocale_wctomb          0x800'9c59     0x4  Code  Gb  xlocale_c.o [2]
_gLocale_wctombInt       0x800'9c51     0x4  Code  Gb  xlocale_c.o [2]
_main                    0x800'b257          Code  Gb  cmain.o [4]
aPLLMULFactorTable       0x800'b4d0    0x10  Data  Gb  stm32f3xx_hal_rcc.o [1]
aPredivFactorTable       0x800'b4e0    0x10  Data  Gb  stm32f3xx_hal_rcc.o [1]
abort                    0x800'9a49     0x6  Code  Gb  abort.o [2]
aucCRCHi                 0x800'ac7c   0x100  Data  Lc  mbcrc.o [1]
aucCRCLo                 0x800'ad7c   0x100  Data  Lc  mbcrc.o [1]
buff                    0x2000'5ddc    0x40  Data  Gb  flash_spi.o [1]
data_for_hc595          0x2000'0000     0x4  Data  Gb  freertos.o [1]
downcounter             0x2000'5f76     0x2  Data  Gb  porttimer.o [1]
eMBCurrentMode          0x2000'5f7a     0x1  Data  Lc  mb.o [1]
eMBEnable                0x800'2f1f    0x20  Code  Gb  mb.o [1]
eMBFuncReadCoils         0x800'aae3    0x9e  Code  Gb  mbfunccoils.o [1]
eMBFuncReadDiscreteInputs
                         0x800'af61    0x9c  Code  Gb  mbfuncdisc.o [1]
eMBFuncReadHoldingRegister
                         0x800'a94d    0x86  Code  Gb  mbfuncholding.o [1]
eMBFuncReadInputRegister
                         0x800'affd    0x86  Code  Gb  mbfuncinput.o [1]
eMBFuncReadWriteMultipleHoldingRegister
                         0x800'a9d3    0xec  Code  Gb  mbfuncholding.o [1]
eMBFuncReportSlaveID     0x800'b1d5    0x1c  Code  Gb  mbfuncother.o [1]
eMBFuncWriteCoil         0x800'ab81    0x6c  Code  Gb  mbfunccoils.o [1]
eMBFuncWriteHoldingRegister
                         0x800'a8a3    0x3a  Code  Gb  mbfuncholding.o [1]
eMBFuncWriteMultipleCoils
                         0x800'abed    0x8e  Code  Gb  mbfunccoils.o [1]
eMBFuncWriteMultipleHoldingRegister
                         0x800'a8dd    0x70  Code  Gb  mbfuncholding.o [1]
eMBInit                  0x800'2e85    0x9a  Code  Gb  mb.o [1]
eMBPoll                  0x800'2f3f    0xe4  Code  Gb  mb.o [1]
eMBPoll::eException     0x2000'5f7d     0x1  Data  Lc  mb.o [1]
eMBPoll::ucFunctionCode
                        0x2000'5f7c     0x1  Data  Lc  mb.o [1]
eMBPoll::ucMBFrame      0x2000'5f1c     0x4  Data  Lc  mb.o [1]
eMBPoll::ucRcvAddress   0x2000'5f7b     0x1  Data  Lc  mb.o [1]
eMBPoll::usLength       0x2000'5f6c     0x2  Data  Lc  mb.o [1]
eMBRTUInit               0x800'4b01    0x46  Code  Gb  mbrtu.o [1]
eMBRTUReceive            0x800'4b75    0x6a  Code  Gb  mbrtu.o [1]
eMBRTUSend               0x800'4bdf    0x60  Code  Gb  mbrtu.o [1]
eMBRTUStart              0x800'4b47    0x1a  Code  Gb  mbrtu.o [1]
eMBRTUStop               0x800'4b61    0x14  Code  Gb  mbrtu.o [1]
eMBRegCoilsCB            0x800'1401     0x4  Code  Gb  freertos.o [1]
eMBRegDiscreteCB         0x800'1405     0x4  Code  Gb  freertos.o [1]
eMBRegHoldingCB          0x800'03ad  0x1048  Code  Gb  freertos.o [1]
eMBRegInputCB            0x800'03a7     0x6  Code  Gb  freertos.o [1]
eMBState                0x2000'0114     0x1  Data  Lc  mb.o [1]
eQueuedEvent            0x2000'5f81     0x1  Data  Lc  portevent.o [1]
eRcvState               0x2000'5f7f     0x1  Data  Lc  mbrtu.o [1]
eSndState               0x2000'5f7e     0x1  Data  Lc  mbrtu.o [1]
exit                     0x800'b25f     0x4  Code  Gb  exit.o [2]
flash::Init(__SPI_HandleTypeDef *, unsigned int, pins_spi_t, pins_spi_t, pins_spi_t)
                         0x800'3205   0x40c  Code  Gb  flash_spi.o [1]
flash::Read(settings_t *)
                         0x800'3085     0xe  Code  Gb  flash_spi.o [1]
flash::W25qxx_BlockToPage(unsigned int)
                         0x800'3695     0xc  Code  Gb  flash_spi.o [1]
flash::W25qxx_ReadBytes(unsigned char *, unsigned int, unsigned int)
                         0x800'3849    0x98  Code  Gb  flash_spi.o [1]
flash::W25qxx_ReadID()   0x800'30f1    0x52  Code  Gb  flash_spi.o [1]
flash::W25qxx_ReadUniqID()
                         0x800'3143    0x58  Code  Gb  flash_spi.o [1]
flash::W25qxx_SectorToPage(unsigned int)
                         0x800'3689     0xc  Code  Gb  flash_spi.o [1]
flash::W25qxx_Spi(unsigned char)
                         0x800'30d7    0x1a  Code  Gb  flash_spi.o [1]
flash::W25qxx_WaitForWriteEnd()
                         0x800'31c3    0x42  Code  Gb  flash_spi.o [1]
flash::W25qxx_WriteBlock(unsigned char *, unsigned int, unsigned int, unsigned int)
                         0x800'37dd    0x6c  Code  Gb  flash_spi.o [1]
flash::W25qxx_WriteEnable()
                         0x800'319b    0x28  Code  Gb  flash_spi.o [1]
flash::W25qxx_WritePage(unsigned char *, unsigned int, unsigned int, unsigned int)
                         0x800'36a1    0xd0  Code  Gb  flash_spi.o [1]
flash::W25qxx_WriteSector(unsigned char *, unsigned int, unsigned int, unsigned int)
                         0x800'3771    0x6c  Code  Gb  flash_spi.o [1]
flash::Write(settings_t)
                         0x800'3093    0x44  Code  Gb  flash_spi.o [1]
flash::flash()           0x800'38e1     0x2  Code  Gb  flash_spi.o [1]
hadc1                   0x2000'5928    0x50  Data  Gb  adc.o [1]
hadc2                   0x2000'5978    0x50  Data  Gb  adc.o [1]
hadc4                   0x2000'59c8    0x50  Data  Gb  adc.o [1]
hdma_adc1               0x2000'5d10    0x44  Data  Gb  adc.o [1]
hdma_adc2               0x2000'5d54    0x44  Data  Gb  adc.o [1]
hdma_adc4               0x2000'5d98    0x44  Data  Gb  adc.o [1]
hspi1                   0x2000'580c    0x64  Data  Gb  spi.o [1]
hspi3                   0x2000'5870    0x64  Data  Gb  spi.o [1]
htim1                   0x2000'5a64    0x4c  Data  Gb  tim.o [1]
htim15                  0x2000'5c2c    0x4c  Data  Gb  tim.o [1]
htim16                  0x2000'5c78    0x4c  Data  Gb  tim.o [1]
htim17                  0x2000'5cc4    0x4c  Data  Gb  tim.o [1]
htim2                   0x2000'5ab0    0x4c  Data  Gb  tim.o [1]
htim3                   0x2000'5afc    0x4c  Data  Gb  tim.o [1]
htim4                   0x2000'5b48    0x4c  Data  Gb  tim.o [1]
htim6                   0x2000'5b94    0x4c  Data  Gb  tim.o [1]
htim7                   0x2000'5a18    0x4c  Data  Gb  stm32f3xx_hal_timebase_tim.o [1]
htim8                   0x2000'5be0    0x4c  Data  Gb  tim.o [1]
huart1                  0x2000'5704    0x84  Data  Gb  usart.o [1]
huart2                  0x2000'5788    0x84  Data  Gb  usart.o [1]
ldexp                    0x800'9de9          Code  Gb  ldexp.o [3]
ldexpl                   0x800'9de9          Code  Gb  ldexp.o [3]
localeconv               0x800'9c5d     0x4  Code  Gb  xlocale_c.o [2]
main                     0x800'5d85   0x1b4  Code  Gb  main.o [1]
makeFreeRtosPriority     0x800'14e9    0x16  Code  Lc  cmsis_os.o [1]
memchr                   0x800'9cc1          Code  Gb  memchr.o [4]
memset                   0x800'5d71    0x14  Code  Gb  memset.o [4]
osDelay                  0x800'1567    0x16  Code  Gb  cmsis_os.o [1]
osKernelStart            0x800'14ff     0xa  Code  Gb  cmsis_os.o [1]
osThreadCreate           0x800'1509    0x5e  Code  Gb  cmsis_os.o [1]
peMBFrameReceiveCur     0x2000'5f08     0x4  Data  Lc  mb.o [1]
peMBFrameSendCur        0x2000'5efc     0x4  Data  Lc  mb.o [1]
prvAddCurrentTaskToDelayedList
                         0x800'3fd9    0x6e  Code  Lc  tasks.o [1]
prvAddNewTaskToReadyList
                         0x800'3a9f    0x9a  Code  Lc  tasks.o [1]
prvCheckTasksWaitingTermination
                         0x800'3ef5    0x38  Code  Lc  tasks.o [1]
prvDeleteTCB             0x800'3f35    0x42  Code  Lc  tasks.o [1]
prvHeapInit              0x800'59fb    0x5e  Code  Lc  heap_4.o [1]
prvIdleTask              0x800'3e71    0x22  Code  Lc  tasks.o [1]
prvInitialiseNewTask     0x800'39f5    0xaa  Code  Lc  tasks.o [1]
prvInitialiseTaskLists   0x800'3ea1    0x50  Code  Lc  tasks.o [1]
prvInsertBlockIntoFreeList
                         0x800'5a59    0x5e  Code  Lc  heap_4.o [1]
prvResetNextTaskUnblockTime
                         0x800'3f77    0x28  Code  Lc  tasks.o [1]
prvTaskExitError         0x800'5b95    0x2a  Code  Lc  port.o [1]
prveMBError2Exception    0x800'aac1    0x22  Code  Gb  mbutils.o [1]
pucSndBufferCur         0x2000'5f20     0x4  Data  Lc  mbrtu.o [1]
pvMBFrameCloseCur       0x2000'5f0c     0x4  Data  Lc  mb.o [1]
pvMBFrameStartCur       0x2000'5f00     0x4  Data  Lc  mb.o [1]
pvMBFrameStopCur        0x2000'5f04     0x4  Data  Lc  mb.o [1]
pvPortMalloc             0x800'5875   0x114  Code  Gb  heap_4.o [1]
pxCurrentTCB            0x2000'5f2c     0x4  Data  Gb  tasks.o [1]
pxDelayedTaskList       0x2000'5f30     0x4  Data  Lc  tasks.o [1]
pxEnd                   0x2000'5ee8     0x4  Data  Lc  heap_4.o [1]
pxMBFrameCBByteReceived
                        0x2000'5f10     0x4  Data  Gb  mb.o [1]
pxMBFrameCBTransmitterEmpty
                        0x2000'5f14     0x4  Data  Gb  mb.o [1]
pxMBPortCBTimerExpired  0x2000'5f18     0x4  Data  Gb  mb.o [1]
pxOverflowDelayedTaskList
                        0x2000'5f34     0x4  Data  Lc  tasks.o [1]
pxPortInitialiseStack    0x800'5b6d    0x28  Code  Gb  port.o [1]
pxReadyTasksLists       0x2000'5678    0x8c  Data  Lc  tasks.o [1]
resetSettings           0x2000'5f78     0x1  Data  Gb  main.o [1]
scalbln                  0x800'9de9          Code  Gb  ldexp.o [3]
scalblnl                 0x800'9de9          Code  Gb  ldexp.o [3]
scalbn                   0x800'9de9          Code  Gb  ldexp.o [3]
scalbnl                  0x800'9de9          Code  Gb  ldexp.o [3]
scale                    0x800'7ded    0x46  Code  Lc  xprintffull.o [2]
sec_hand                0x2000'5f68     0x4  Data  Lc  xfail_s.o [2]
serial                  0x2000'0088     0x4  Data  Gb  portserial.o [1]
settings                0x2000'5118   0x260  Data  Gb  main.o [1]
snprintf                 0x800'57f9    0x44  Code  Gb  snprintf.o [2]
strchr                   0x800'9c69          Code  Gb  strchr.o [4]
strlen                   0x800'583d          Code  Gb  strlen.o [4]
timeout                 0x2000'5f74     0x2  Data  Gb  porttimer.o [1]
ucHeap                  0x2000'0118  0x5000  Data  Lc  heap_4.o [1]
ucMBAddress             0x2000'5f79     0x1  Data  Lc  mb.o [1]
ucMBSlaveID             0x2000'5e1c    0x20  Data  Lc  mbfuncother.o [1]
ucMaxSysCallPriority    0x2000'5f80     0x1  Data  Lc  port.o [1]
ucRTUBuf                0x2000'5578   0x100  Data  Gb  mbrtu.o [1]
ulMaxPRIGROUPValue      0x2000'5f24     0x4  Data  Lc  port.o [1]
usMBCRC16                0x800'61f5    0x40  Code  Gb  mbcrc.o [1]
usMBSlaveIDLen          0x2000'5f6e     0x2  Data  Lc  mbfuncother.o [1]
usRcvBufferPos          0x2000'5f72     0x2  Data  Lc  mbrtu.o [1]
usSndBufferCount        0x2000'5f70     0x2  Data  Lc  mbrtu.o [1]
uwTick                  0x2000'5f28     0x4  Data  Gb  stm32f3xx_hal.o [1]
uwTickFreq              0x2000'0115     0x1  Data  Gb  stm32f3xx_hal.o [1]
uwTickPrio              0x2000'008c     0x4  Data  Gb  stm32f3xx_hal.o [1]
uxCriticalNesting       0x2000'0084     0x4  Data  Lc  port.o [1]
uxCurrentNumberOfTasks  0x2000'5f3c     0x4  Data  Lc  tasks.o [1]
uxDeletedTasksWaitingCleanUp
                        0x2000'5f38     0x4  Data  Lc  tasks.o [1]
uxListRemove             0x800'5b47    0x26  Code  Gb  list.o [1]
uxPendedTicks           0x2000'5f4c     0x4  Data  Lc  tasks.o [1]
uxSchedulerSuspended    0x2000'5f64     0x4  Data  Lc  tasks.o [1]
uxTaskNumber            0x2000'5f58     0x4  Data  Lc  tasks.o [1]
uxTopReadyPriority      0x2000'5f44     0x4  Data  Lc  tasks.o [1]
vApplicationGetIdleTaskMemory
                         0x800'0189     0xe  Code  Gb  freertos.o [1]
vListInitialise          0x800'5ad5    0x1e  Code  Gb  list.o [1]
vListInitialiseItem      0x800'5af3     0x6  Code  Gb  list.o [1]
vListInsert              0x800'5b11    0x36  Code  Gb  list.o [1]
vListInsertEnd           0x800'5af9    0x18  Code  Gb  list.o [1]
vMBPortSerialEnable      0x800'6035    0x5a  Code  Gb  portserial.o [1]
vMBPortTimersDisable     0x800'61b1     0xa  Code  Gb  porttimer.o [1]
vMBPortTimersEnable      0x800'619f    0x12  Code  Gb  porttimer.o [1]
vPortEnableVFP           0x800'7f2d          Code  Gb  portasm.o [1]
vPortEnterCritical       0x800'5c8d    0x34  Code  Gb  port.o [1]
vPortExitCritical        0x800'5cc1    0x2c  Code  Gb  port.o [1]
vPortFree                0x800'5989    0x72  Code  Gb  heap_4.o [1]
vPortStartFirstTask      0x800'7f0d          Code  Gb  portasm.o [1]
vTaskDelay               0x800'3b39    0x4c  Code  Gb  tasks.o [1]
vTaskStartScheduler      0x800'3b85    0x8e  Code  Gb  tasks.o [1]
vTaskSuspendAll          0x800'3c13     0xc  Code  Gb  tasks.o [1]
vTaskSwitchContext       0x800'3dfb    0x6c  Code  Gb  tasks.o [1]
xBlockAllocatedBit      0x2000'5ef4     0x4  Data  Lc  heap_4.o [1]
xDelayedTaskList1       0x2000'5e6c    0x14  Data  Lc  tasks.o [1]
xDelayedTaskList2       0x2000'5e80    0x14  Data  Lc  tasks.o [1]
xEventInQueue           0x2000'5f82     0x1  Data  Lc  portevent.o [1]
xFreeBytesRemaining     0x2000'5eec     0x4  Data  Lc  heap_4.o [1]
xFuncHandlers           0x2000'0004    0x80  Data  Lc  mb.o [1]
xHeapStructSize          0x800'b580     0x4  Data  Lc  heap_4.o [1]
xIdleStack              0x2000'5378   0x200  Data  Lc  freertos.o [1]
xIdleTaskHandle         0x2000'5f60     0x4  Data  Lc  tasks.o [1]
xIdleTaskTCBBuffer      0x2000'58d4    0x54  Data  Lc  freertos.o [1]
xMBPortEventGet          0x800'4ddd    0x1c  Code  Gb  portevent.o [1]
xMBPortEventInit         0x800'4dc5     0xa  Code  Gb  portevent.o [1]
xMBPortEventPost         0x800'4dcf     0xe  Code  Gb  portevent.o [1]
xMBPortSerialGetByte     0x800'613b     0xe  Code  Gb  portserial.o [1]
xMBPortSerialInit        0x800'608f    0x8e  Code  Gb  portserial.o [1]
xMBPortSerialPutByte     0x800'611d    0x1e  Code  Gb  portserial.o [1]
xMBPortTimersInit        0x800'6151    0x4e  Code  Gb  porttimer.o [1]
xMBRTUReceiveFSM         0x800'4c3f    0x8a  Code  Gb  mbrtu.o [1]
xMBRTUTimerT35Expired    0x800'4d37    0x5c  Code  Gb  mbrtu.o [1]
xMBRTUTransmitFSM        0x800'4cc9    0x6e  Code  Gb  mbrtu.o [1]
xMinimumEverFreeBytesRemaining
                        0x2000'5ef0     0x4  Data  Lc  heap_4.o [1]
xNextTaskUnblockTime    0x2000'5f5c     0x4  Data  Lc  tasks.o [1]
xNumOfOverflows         0x2000'5f54     0x4  Data  Lc  tasks.o [1]
xPendingReadyList       0x2000'5e94    0x14  Data  Lc  tasks.o [1]
xPortStartScheduler      0x800'5bbf    0xce  Code  Gb  port.o [1]
xSchedulerRunning       0x2000'5f48     0x4  Data  Lc  tasks.o [1]
xStart                  0x2000'5ed0     0x8  Data  Lc  heap_4.o [1]
xSuspendedTaskList      0x2000'5ebc    0x14  Data  Lc  tasks.o [1]
xTaskCreate              0x800'3983    0x72  Code  Gb  tasks.o [1]
xTaskCreateStatic        0x800'3901    0x82  Code  Gb  tasks.o [1]
xTaskIncrementTick       0x800'3d03    0xf8  Code  Gb  tasks.o [1]
xTaskResumeAll           0x800'3c1f    0xe4  Code  Gb  tasks.o [1]
xTasksWaitingTermination
                        0x2000'5ea8    0x14  Data  Lc  tasks.o [1]
xTickCount              0x2000'5f40     0x4  Data  Lc  tasks.o [1]
xYieldPending           0x2000'5f50     0x4  Data  Lc  tasks.o [1]


[1] = D:\Radio\Jobe\LED Driver\prog\EWARM\prog\Obj
[2] = dl7M_tlf.a
[3] = m7M_tls.a
[4] = rt7M_tl.a
[5] = shb_l.a

  45'242 bytes of readonly  code memory
   1'603 bytes of readonly  data memory
  26'497 bytes of readwrite data memory

Errors: none
Warnings: none
